Component: ARM Compiler 5.06 update 5 (build 528) Tool: armlink [4d35e2]

==============================================================================

Section Cross References

    startup_stm32f10x_md.o(STACK) refers (Special) to heapauxi.o(.text) for __use_two_region_memory
    startup_stm32f10x_md.o(HEAP) refers (Special) to heapauxi.o(.text) for __use_two_region_memory
    startup_stm32f10x_md.o(RESET) refers (Special) to heapauxi.o(.text) for __use_two_region_memory
    startup_stm32f10x_md.o(RESET) refers to startup_stm32f10x_md.o(STACK) for __initial_sp
    startup_stm32f10x_md.o(RESET) refers to startup_stm32f10x_md.o(.text) for Reset_Handler
    startup_stm32f10x_md.o(RESET) refers to stm32f10x_it.o(i.NMI_Handler) for NMI_Handler
    startup_stm32f10x_md.o(RESET) refers to stm32f10x_it.o(i.HardFault_Handler) for HardFault_Handler
    startup_stm32f10x_md.o(RESET) refers to stm32f10x_it.o(i.MemManage_Handler) for MemManage_Handler
    startup_stm32f10x_md.o(RESET) refers to stm32f10x_it.o(i.BusFault_Handler) for BusFault_Handler
    startup_stm32f10x_md.o(RESET) refers to stm32f10x_it.o(i.UsageFault_Handler) for UsageFault_Handler
    startup_stm32f10x_md.o(RESET) refers to port.o(.emb_text) for SVC_Handler
    startup_stm32f10x_md.o(RESET) refers to stm32f10x_it.o(i.DebugMon_Handler) for DebugMon_Handler
    startup_stm32f10x_md.o(RESET) refers to port.o(i.SysTick_Handler) for SysTick_Handler
    startup_stm32f10x_md.o(.text) refers (Special) to heapauxi.o(.text) for __use_two_region_memory
    startup_stm32f10x_md.o(.text) refers to system_stm32f10x.o(i.SystemInit) for SystemInit
    startup_stm32f10x_md.o(.text) refers to __main.o(!!!main) for __main
    startup_stm32f10x_md.o(.text) refers to startup_stm32f10x_md.o(HEAP) for Heap_Mem
    startup_stm32f10x_md.o(.text) refers to startup_stm32f10x_md.o(STACK) for Stack_Mem
    system_stm32f10x.o(i.SetSysClock) refers to system_stm32f10x.o(i.SetSysClockTo72) for SetSysClockTo72
    system_stm32f10x.o(i.SystemCoreClockUpdate) refers to system_stm32f10x.o(.data) for SystemCoreClock
    system_stm32f10x.o(i.SystemInit) refers to system_stm32f10x.o(i.SetSysClock) for SetSysClock
    main.o(i.main) refers to stm32f10x_rcc.o(i.RCC_APB2PeriphClockCmd) for RCC_APB2PeriphClockCmd
    main.o(i.main) refers to stm32f10x_gpio.o(i.GPIO_Init) for GPIO_Init
    main.o(i.main) refers to stm32f10x_gpio.o(i.GPIO_SetBits) for GPIO_SetBits
    main.o(i.main) refers to delay.o(i.Delay_ms) for Delay_ms
    main.o(i.main) refers to stm32f10x_gpio.o(i.GPIO_ResetBits) for GPIO_ResetBits
    stm32f10x_adc.o(i.ADC_DeInit) refers to stm32f10x_rcc.o(i.RCC_APB2PeriphResetCmd) for RCC_APB2PeriphResetCmd
    stm32f10x_bkp.o(i.BKP_DeInit) refers to stm32f10x_rcc.o(i.RCC_BackupResetCmd) for RCC_BackupResetCmd
    stm32f10x_can.o(i.CAN_DeInit) refers to stm32f10x_rcc.o(i.RCC_APB1PeriphResetCmd) for RCC_APB1PeriphResetCmd
    stm32f10x_can.o(i.CAN_GetITStatus) refers to stm32f10x_can.o(i.CheckITStatus) for CheckITStatus
    stm32f10x_cec.o(i.CEC_DeInit) refers to stm32f10x_rcc.o(i.RCC_APB1PeriphResetCmd) for RCC_APB1PeriphResetCmd
    stm32f10x_dac.o(i.DAC_DeInit) refers to stm32f10x_rcc.o(i.RCC_APB1PeriphResetCmd) for RCC_APB1PeriphResetCmd
    stm32f10x_flash.o(i.FLASH_EnableWriteProtection) refers to stm32f10x_flash.o(i.FLASH_WaitForLastOperation) for FLASH_WaitForLastOperation
    stm32f10x_flash.o(i.FLASH_EraseAllBank1Pages) refers to stm32f10x_flash.o(i.FLASH_WaitForLastBank1Operation) for FLASH_WaitForLastBank1Operation
    stm32f10x_flash.o(i.FLASH_EraseAllPages) refers to stm32f10x_flash.o(i.FLASH_WaitForLastOperation) for FLASH_WaitForLastOperation
    stm32f10x_flash.o(i.FLASH_EraseOptionBytes) refers to stm32f10x_flash.o(i.FLASH_GetReadOutProtectionStatus) for FLASH_GetReadOutProtectionStatus
    stm32f10x_flash.o(i.FLASH_EraseOptionBytes) refers to stm32f10x_flash.o(i.FLASH_WaitForLastOperation) for FLASH_WaitForLastOperation
    stm32f10x_flash.o(i.FLASH_ErasePage) refers to stm32f10x_flash.o(i.FLASH_WaitForLastOperation) for FLASH_WaitForLastOperation
    stm32f10x_flash.o(i.FLASH_ProgramHalfWord) refers to stm32f10x_flash.o(i.FLASH_WaitForLastOperation) for FLASH_WaitForLastOperation
    stm32f10x_flash.o(i.FLASH_ProgramOptionByteData) refers to stm32f10x_flash.o(i.FLASH_WaitForLastOperation) for FLASH_WaitForLastOperation
    stm32f10x_flash.o(i.FLASH_ProgramWord) refers to stm32f10x_flash.o(i.FLASH_WaitForLastOperation) for FLASH_WaitForLastOperation
    stm32f10x_flash.o(i.FLASH_ReadOutProtection) refers to stm32f10x_flash.o(i.FLASH_WaitForLastOperation) for FLASH_WaitForLastOperation
    stm32f10x_flash.o(i.FLASH_UserOptionByteConfig) refers to stm32f10x_flash.o(i.FLASH_WaitForLastOperation) for FLASH_WaitForLastOperation
    stm32f10x_flash.o(i.FLASH_WaitForLastBank1Operation) refers to stm32f10x_flash.o(i.FLASH_GetBank1Status) for FLASH_GetBank1Status
[...]
    Removing stream_buffer.o(i.prvWriteMessageToBuffer), (164 bytes).
    Removing stream_buffer.o(i.ucStreamBufferGetStreamBufferType), (10 bytes).
    Removing stream_buffer.o(i.uxStreamBufferGetStreamBufferNotificationIndex), (72 bytes).
    Removing stream_buffer.o(i.uxStreamBufferGetStreamBufferNumber), (6 bytes).
    Removing stream_buffer.o(i.vStreamBufferDelete), (96 bytes).
    Removing stream_buffer.o(i.vStreamBufferSetStreamBufferNotificationIndex), (144 bytes).
    Removing stream_buffer.o(i.vStreamBufferSetStreamBufferNumber), (4 bytes).
    Removing stream_buffer.o(i.xStreamBufferBytesAvailable), (80 bytes).
    Removing stream_buffer.o(i.xStreamBufferGenericCreate), (236 bytes).
    Removing stream_buffer.o(i.xStreamBufferIsEmpty), (92 bytes).
    Removing stream_buffer.o(i.xStreamBufferIsFull), (108 bytes).
    Removing stream_buffer.o(i.xStreamBufferNextMessageLengthBytes), (136 bytes).
    Removing stream_buffer.o(i.xStreamBufferReceive), (296 bytes).
    Removing stream_buffer.o(i.xStreamBufferReceiveCompletedFromISR), (144 bytes).
    Removing stream_buffer.o(i.xStreamBufferReceiveFromISR), (216 bytes).
    Removing stream_buffer.o(i.xStreamBufferReset), (124 bytes).
    Removing stream_buffer.o(i.xStreamBufferResetFromISR), (152 bytes).
    Removing stream_buffer.o(i.xStreamBufferSend), (356 bytes).
    Removing stream_buffer.o(i.xStreamBufferSendCompletedFromISR), (144 bytes).
    Removing stream_buffer.o(i.xStreamBufferSendFromISR), (216 bytes).
    Removing stream_buffer.o(i.xStreamBufferSetTriggerLevel), (96 bytes).
    Removing stream_buffer.o(i.xStreamBufferSpacesAvailable), (108 bytes).
    Removing tasks.o(i.eTaskGetState), (212 bytes).
    Removing tasks.o(i.pcTaskGetName), (80 bytes).
    Removing tasks.o(i.prvAddCurrentTaskToDelayedList), (212 bytes).
    Removing tasks.o(i.prvAddNewTaskToReadyList), (248 bytes).
    Removing tasks.o(i.prvCheckTasksWaitingTermination), (72 bytes).
    Removing tasks.o(i.prvCreateIdleTasks), (104 bytes).
    Removing tasks.o(i.prvCreateTask), (90 bytes).
    Removing tasks.o(i.prvDeleteTCB), (18 bytes).
    Removing tasks.o(i.prvIdleTask), (40 bytes).
    Removing tasks.o(i.prvInitialiseNewTask), (224 bytes).
    Removing tasks.o(i.prvInitialiseTaskLists), (104 bytes).
    Removing tasks.o(i.prvListTasksWithinSingleList), (62 bytes).
    Removing tasks.o(i.prvSearchForNameWithinSingleList), (92 bytes).
    Removing tasks.o(i.prvSnprintfReturnValueToCharsWritten), (22 bytes).
    Removing tasks.o(i.prvTaskCheckFreeStackSpace), (32 bytes).
    Removing tasks.o(i.prvTaskIsTaskSuspended), (148 bytes).
    Removing tasks.o(i.prvWriteNameToBuffer), (42 bytes).
    Removing tasks.o(i.pvTaskIncrementMutexHeldCount), (20 bytes).
    Removing tasks.o(i.ulTaskGenericNotifyTake), (236 bytes).
    Removing tasks.o(i.ulTaskGenericNotifyValueClear), (124 bytes).
    Removing tasks.o(i.uxTaskBasePriorityGet), (36 bytes).
    Removing tasks.o(i.uxTaskBasePriorityGetFromISR), (68 bytes).
    Removing tasks.o(i.uxTaskGetNumberOfTasks), (12 bytes).
    Removing tasks.o(i.uxTaskGetStackHighWaterMark), (40 bytes).
    Removing tasks.o(i.uxTaskGetSystemState), (176 bytes).
    Removing tasks.o(i.uxTaskGetTaskNumber), (14 bytes).
    Removing tasks.o(i.uxTaskPriorityGet), (36 bytes).
    Removing tasks.o(i.uxTaskPriorityGetFromISR), (68 bytes).
    Removing tasks.o(i.uxTaskResetEventItemValue), (28 bytes).
    Removing tasks.o(i.vTaskDelay), (120 bytes).
    Removing tasks.o(i.vTaskDelete), (304 bytes).
    Removing tasks.o(i.vTaskEndScheduler), (76 bytes).
    Removing tasks.o(i.vTaskGenericNotifyGiveFromISR), (420 bytes).
    Removing tasks.o(i.vTaskGetInfo), (204 bytes).
    Removing tasks.o(i.vTaskInternalSetTimeOutState), (24 bytes).
    Removing tasks.o(i.vTaskListTasks), (284 bytes).
    Removing tasks.o(i.vTaskMissedYield), (12 bytes).
    Removing tasks.o(i.vTaskPlaceOnEventList), (88 bytes).
    Removing tasks.o(i.vTaskPlaceOnEventListRestricted), (132 bytes).
    Removing tasks.o(i.vTaskPlaceOnUnorderedEventList), (168 bytes).
    Removing tasks.o(i.vTaskPriorityDisinheritAfterTimeout), (308 bytes).
    Removing tasks.o(i.vTaskPrioritySet), (384 bytes).
    Removing tasks.o(i.vTaskRemoveFromUnorderedEventList), (308 bytes).
    Removing tasks.o(i.vTaskResetState), (116 bytes).
    Removing tasks.o(i.vTaskResume), (240 bytes).
    Removing tasks.o(i.vTaskSetTaskNumber), (8 bytes).
    Removing tasks.o(i.vTaskSetTimeOutState), (88 bytes).
    Removing tasks.o(i.vTaskStartScheduler), (152 bytes).
    Removing tasks.o(i.vTaskSuspend), (292 bytes).
    Removing tasks.o(i.vTaskSuspendAll), (16 bytes).
    Removing tasks.o(i.xTaskAbortDelay), (248 bytes).
    Removing tasks.o(i.xTaskCatchUpTicks), (112 bytes).
    Removing tasks.o(i.xTaskCheckForTimeOut), (192 bytes).
    Removing tasks.o(i.xTaskCreate), (56 bytes).
    Removing tasks.o(i.xTaskDelayUntil), (224 bytes).
    Removing tasks.o(i.xTaskGenericNotify), (480 bytes).
    Removing tasks.o(i.xTaskGenericNotifyFromISR), (560 bytes).
    Removing tasks.o(i.xTaskGenericNotifyStateClear), (124 bytes).
    Removing tasks.o(i.xTaskGenericNotifyWait), (268 bytes).
    Removing tasks.o(i.xTaskGetCurrentTaskHandle), (12 bytes).
    Removing tasks.o(i.xTaskGetCurrentTaskHandleForCore), (32 bytes).
    Removing tasks.o(i.xTaskGetHandle), (192 bytes).
    Removing tasks.o(i.xTaskGetIdleTaskHandle), (80 bytes).
    Removing tasks.o(i.xTaskGetIdleTaskHandleForCore), (116 bytes).
    Removing tasks.o(i.xTaskGetSchedulerState), (32 bytes).
    Removing tasks.o(i.xTaskGetTickCount), (12 bytes).
    Removing tasks.o(i.xTaskGetTickCountFromISR), (20 bytes).
    Removing tasks.o(i.xTaskPriorityDisinherit), (268 bytes).
    Removing tasks.o(i.xTaskPriorityInherit), (244 bytes).
    Removing tasks.o(i.xTaskRemoveFromEventList), (336 bytes).
    Removing tasks.o(i.xTaskResumeAll), (448 bytes).
    Removing tasks.o(i.xTaskResumeFromISR), (280 bytes).
    Removing timers.o(i.pcTimerGetName), (68 bytes).
    Removing timers.o(i.prvCheckForValidListAndQueue), (100 bytes).
    Removing timers.o(i.prvGetNextExpireTime), (40 bytes).
    Removing timers.o(i.prvInitialiseNewTimer), (124 bytes).
    Removing timers.o(i.prvInsertTimerInActiveList), (88 bytes).
    Removing timers.o(i.prvProcessExpiredTimer), (68 bytes).
    Removing timers.o(i.prvProcessReceivedCommands), (364 bytes).
    Removing timers.o(i.prvProcessTimerOrBlockTask), (116 bytes).
    Removing timers.o(i.prvReloadTimer), (40 bytes).
    Removing timers.o(i.prvSampleTimeNow), (44 bytes).
    Removing timers.o(i.prvSwitchTimerLists), (68 bytes).
    Removing timers.o(i.prvTimerTask), (26 bytes).
    Removing timers.o(i.pvTimerGetTimerID), (80 bytes).
    Removing timers.o(i.uxTimerGetReloadMode), (16 bytes).
    Removing timers.o(i.uxTimerGetTimerNumber), (6 bytes).
    Removing timers.o(i.vTimerResetState), (20 bytes).
    Removing timers.o(i.vTimerSetReloadMode), (104 bytes).
    Removing timers.o(i.vTimerSetTimerID), (80 bytes).
    Removing timers.o(i.vTimerSetTimerNumber), (4 bytes).
    Removing timers.o(i.xTimerCreate), (54 bytes).
    Removing timers.o(i.xTimerCreateTimerTask), (120 bytes).
    Removing timers.o(i.xTimerGenericCommandFromISR), (148 bytes).
    Removing timers.o(i.xTimerGenericCommandFromTask), (172 bytes).
    Removing timers.o(i.xTimerGetExpiryTime), (72 bytes).
    Removing timers.o(i.xTimerGetPeriod), (68 bytes).
    Removing timers.o(i.xTimerGetReloadMode), (92 bytes).
    Removing timers.o(i.xTimerGetTimerDaemonTaskHandle), (84 bytes).
    Removing timers.o(i.xTimerIsTimerActive), (92 bytes).
    Removing timers.o(i.xTimerPendFunctionCall), (116 bytes).
    Removing timers.o(i.xTimerPendFunctionCallFromISR), (52 bytes).
    Removing timers.o(.bss), (40 bytes).
    Removing timers.o(.data), (20 bytes).
    Removing port.o(i.prvTaskExitError), (116 bytes).
    Removing port.o(i.pxPortInitialiseStack), (36 bytes).
    Removing port.o(i.vPortEndScheduler), (104 bytes).
    Removing port.o(i.vPortEnterCritical), (140 bytes).
    Removing port.o(i.vPortExitCritical), (116 bytes).
    Removing port.o(i.vPortSetupTimerInterrupt), (40 bytes).
    Removing port.o(i.vPortValidateInterruptPriority), (164 bytes).
    Removing port.o(i.xPortStartScheduler), (292 bytes).
    Removing port.o(.data), (12 bytes).
    Removing heap_4.o(i.prvHeapInit), (108 bytes).
    Removing heap_4.o(i.prvInsertBlockIntoFreeList), (212 bytes).
    Removing heap_4.o(i.pvPortCalloc), (54 bytes).
    Removing heap_4.o(i.pvPortMalloc), (500 bytes).
    Removing heap_4.o(i.vPortFree), (220 bytes).
    Removing heap_4.o(i.vPortGetHeapStats), (128 bytes).
    Removing heap_4.o(i.vPortHeapResetState), (44 bytes).
    Removing heap_4.o(i.vPortInitialiseBlocks), (2 bytes).
    Removing heap_4.o(i.xPortGetFreeHeapSize), (12 bytes).
    Removing heap_4.o(i.xPortGetMinimumEverFreeHeapSize), (12 bytes).
    Removing heap_4.o(.bss), (30720 bytes).
    Removing heap_4.o(.data), (28 bytes).

688 unused section(s) (total 75818 bytes) removed from the image.

==============================================================================

Image Symbol Table

    Local Symbols

    Symbol Name                              Value     Ov Type        Size  Object(Section)

    ../clib/angel/boardlib.s                 0x00000000   Number         0  boardinit2.o ABSOLUTE
    ../clib/angel/boardlib.s                 0x00000000   Number         0  boardinit3.o ABSOLUTE
    ../clib/angel/boardlib.s                 0x00000000   Number         0  boardshut.o ABSOLUTE
    ../clib/angel/boardlib.s                 0x00000000   Number         0  boardinit1.o ABSOLUTE
    ../clib/angel/handlers.s                 0x00000000   Number         0  __scatter_zi.o ABSOLUTE
    ../clib/angel/handlers.s                 0x00000000   Number         0  __scatter_copy.o ABSOLUTE
    ../clib/angel/kernel.s                   0x00000000   Number         0  rtexit2.o ABSOLUTE
    ../clib/angel/kernel.s                   0x00000000   Number         0  __rtentry4.o ABSOLUTE
    ../clib/angel/kernel.s                   0x00000000   Number         0  __rtentry.o ABSOLUTE
    ../clib/angel/kernel.s                   0x00000000   Number         0  rtexit.o ABSOLUTE
    ../clib/angel/kernel.s                   0x00000000   Number         0  __rtentry2.o ABSOLUTE
    ../clib/angel/rt.s                       0x00000000   Number         0  rt_errno_addr_intlibspace.o ABSOLUTE
    ../clib/angel/rt.s                       0x00000000   Number         0  rt_errno_addr.o ABSOLUTE
    ../clib/angel/rt.s                       0x00000000   Number         0  rt_heap_descriptor_intlibspace.o ABSOLUTE
    ../clib/angel/rt.s                       0x00000000   Number         0  rt_heap_descriptor.o ABSOLUTE
    ../clib/angel/rt.s                       0x00000000   Number         0  rt_raise.o ABSOLUTE
    ../clib/angel/scatter.s                  0x00000000   Number         0  __scatter.o ABSOLUTE
    ../clib/angel/startup.s                  0x00000000   Number         0  __main.o ABSOLUTE
    ../clib/angel/sys.s                      0x00000000   Number         0  libspace.o ABSOLUTE
    ../clib/angel/sys.s                      0x00000000   Number         0  mutex_dummy.o ABSOLUTE
    ../clib/angel/sys.s                      0x00000000   Number         0  indicate_semi.o ABSOLUTE
    ../clib/angel/sys.s                      0x00000000   Number         0  sys_stackheap_outer.o ABSOLUTE
    ../clib/angel/sys.s                      0x00000000   Number         0  use_no_semi.o ABSOLUTE
    ../clib/angel/sysapp.c                   0x00000000   Number         0  sys_exit.o ABSOLUTE
    ../clib/angel/sysapp.c                   0x00000000   Number         0  sys_wrch.o ABSOLUTE
    ../clib/angel/sysapp.c                   0x00000000   Number         0  sys_command.o ABSOLUTE
    ../clib/angel/sysapp.c                   0x00000000   Number         0  sys_io.o ABSOLUTE
    ../clib/armsys.c                         0x00000000   Number         0  argv_veneer.o ABSOLUTE
    ../clib/armsys.c                         0x00000000   Number         0  argv_veneer.o ABSOLUTE
    ../clib/armsys.c                         0x00000000   Number         0  _get_argv.o ABSOLUTE
    ../clib/armsys.c                         0x00000000   Number         0  _get_argv_nomalloc.o ABSOLUTE
    ../clib/armsys.c                         0x00000000   Number         0  no_argv.o ABSOLUTE
    ../clib/assert.c                         0x00000000   Number         0  assert_stdio.o ABSOLUTE
    ../clib/heap1.c                          0x00000000   Number         0  h1_free_mt.o ABSOLUTE
    ../clib/heap1.c                          0x00000000   Number         0  h1_free.o ABSOLUTE
    ../clib/heap1.c                          0x00000000   Number         0  h1_alloc_mt.o ABSOLUTE
    ../clib/heap1.c                          0x00000000   Number         0  h1_alloc.o ABSOLUTE
    ../clib/heap1.c                          0x00000000   Number         0  h1_init.o ABSOLUTE
    ../clib/heap1.c                          0x00000000   Number         0  h1_extend_mt.o ABSOLUTE
    ../clib/heap1.c                          0x00000000   Number         0  h1_final.o ABSOLUTE
    ../clib/heap1.c                          0x00000000   Number         0  h1_extend.o ABSOLUTE
    ../clib/heap1.c                          0x00000000   Number         0  h1_init_mt.o ABSOLUTE
    ../clib/heap1.c                          0x00000000   Number         0  h1_final_mt.o ABSOLUTE
    ../clib/heap2.c                          0x00000000   Number         0  heap2.o ABSOLUTE
    ../clib/heap2.c                          0x00000000   Number         0  fdtree.o ABSOLUTE
    ../clib/heap2.c                          0x00000000   Number         0  heap2mt.o ABSOLUTE
    ../clib/heapalloc.c                      0x00000000   Number         0  init_alloc.o ABSOLUTE
    ../clib/heapalloc.c                      0x00000000   Number         0  term_alloc.o ABSOLUTE
    ../clib/heapalloc.c                      0x00000000   Number         0  maybetermalloc2.o ABSOLUTE
    ../clib/heapalloc.c                      0x00000000   Number         0  free.o ABSOLUTE
    ../clib/heapalloc.c                      0x00000000   Number         0  hguard.o ABSOLUTE
    ../clib/heapalloc.c                      0x00000000   Number         0  hrguard.o ABSOLUTE
    ../clib/heapalloc.c                      0x00000000   Number         0  malloc.o ABSOLUTE
    ../clib/heapalloc.c                      0x00000000   Number         0  maybetermalloc2.o ABSOLUTE
    ../clib/heapalloc.c                      0x00000000   Number         0  maybetermalloc1.o ABSOLUTE
    ../clib/heapalloc.c                      0x00000000   Number         0  maybetermalloc1.o ABSOLUTE
    ../clib/heapalloc.c                      0x00000000   Number         0  heapstubs.o ABSOLUTE
    ../clib/heapaux.c                        0x00000000   Number         0  heapauxa.o ABSOLUTE
    ../clib/heapaux.c                        0x00000000   Number         0  heapauxi.o ABSOLUTE
    ../clib/libinit.s                        0x00000000   Number         0  libinit2.o ABSOLUTE
    ../clib/libinit.s                        0x00000000   Number         0  libshutdown.o ABSOLUTE
    ../clib/libinit.s                        0x00000000   Number         0  libshutdown2.o ABSOLUTE
    ../clib/libinit.s                        0x00000000   Number         0  libinit.o ABSOLUTE
    ../clib/memcpset.s                       0x00000000   Number         0  rt_memcpy_w.o ABSOLUTE
    ../clib/memcpset.s                       0x00000000   Number         0  rt_memclr_w.o ABSOLUTE
    ../clib/memcpset.s                       0x00000000   Number         0  rt_memclr.o ABSOLUTE
    ../clib/memcpset.s                       0x00000000   Number         0  aeabi_memset.o ABSOLUTE
    ../clib/memcpset.s                       0x00000000   Number         0  memset.o ABSOLUTE
    ../clib/memcpset.s                       0x00000000   Number         0  rt_memcpy_v6.o ABSOLUTE
    ../clib/misc.s                           0x00000000   Number         0  printf_stubs.o ABSOLUTE
    ../clib/printf.c                         0x00000000   Number         0  _printf_char.o ABSOLUTE
    ../clib/printf.c                         0x00000000   Number         0  _printf_char_file.o ABSOLUTE
    ../clib/printf.c                         0x00000000   Number         0  __printf_nopercent.o ABSOLUTE
    ../clib/printf.c                         0x00000000   Number         0  _printf_char_file_locked.o ABSOLUTE
    ../clib/printf.c                         0x00000000   Number         0  _printf_intcommon.o ABSOLUTE
    ../clib/printf.c                         0x00000000   Number         0  _printf_char_common.o ABSOLUTE
    ../clib/printf.c                         0x00000000   Number         0  __2printf.o ABSOLUTE
    ../clib/printf.c                         0x00000000   Number         0  _sputc.o ABSOLUTE
    ../clib/printf.c                         0x00000000   Number         0  __2snprintf.o ABSOLUTE
    ../clib/printf.c                         0x00000000   Number         0  noretval__2printf.o ABSOLUTE
    ../clib/printf.c                         0x00000000   Number         0  noretval__2snprintf.o ABSOLUTE
    ../clib/printf.c                         0x00000000   Number         0  __printf.o ABSOLUTE
    ../clib/printf.c                         0x00000000   Number         0  _snputc.o ABSOLUTE
    ../clib/printf.c                         0x00000000   Number         0  _printf_str.o ABSOLUTE
    ../clib/printf.c                         0x00000000   Number         0  _printf_dec.o ABSOLUTE
    ../clib/printf.c                         0x00000000   Number         0  __printf_flags.o ABSOLUTE
    ../clib/printf.c                         0x00000000   Number         0  __printf_ss.o ABSOLUTE
    ../clib/printf.c                         0x00000000   Number         0  __printf_flags_ss.o ABSOLUTE
    ../clib/printf.c                         0x00000000   Number         0  __printf_wp.o ABSOLUTE
    ../clib/printf.c                         0x00000000   Number         0  __printf_flags_wp.o ABSOLUTE
    ../clib/printf.c                         0x00000000   Number         0  __printf_ss_wp.o ABSOLUTE
    ../clib/printf.c                         0x00000000   Number         0  __printf_flags_ss_wp.o ABSOLUTE
    ../clib/printf_percent.s                 0x00000000   Number         0  _printf_percent_end.o ABSOLUTE
    ../clib/printf_percent.s                 0x00000000   Number         0  _printf_percent.o ABSOLUTE
    ../clib/printf_percent.s                 0x00000000   Number         0  _printf_u.o ABSOLUTE
    ../clib/printf_percent.s                 0x00000000   Number         0  _printf_d.o ABSOLUTE
    ../clib/printf_percent.s                 0x00000000   Number         0  _printf_c.o ABSOLUTE
    ../clib/printf_percent.s                 0x00000000   Number         0  _printf_s.o ABSOLUTE
    ../clib/signal.c                         0x00000000   Number         0  defsig_segv_inner.o ABSOLUTE
    ../clib/signal.c                         0x00000000   Number         0  defsig_cppl_inner.o ABSOLUTE
    ../clib/signal.c                         0x00000000   Number         0  defsig_pvfn_inner.o ABSOLUTE
    ../clib/signal.c                         0x00000000   Number         0  defsig_stak_inner.o ABSOLUTE
    ../clib/signal.c                         0x00000000   Number         0  defsig_fpe_inner.o ABSOLUTE
    ../clib/signal.c                         0x00000000   Number         0  defsig_abrt_inner.o ABSOLUTE
    ../clib/signal.c                         0x00000000   Number         0  defsig_rtred_outer.o ABSOLUTE
    ../clib/signal.c                         0x00000000   Number         0  defsig_rtmem_formal.o ABSOLUTE
    ../clib/signal.c                         0x00000000   Number         0  defsig_rtmem_outer.o ABSOLUTE
    ../clib/signal.c                         0x00000000   Number         0  defsig_general.o ABSOLUTE
    ../clib/signal.c                         0x00000000   Number         0  __raise.o ABSOLUTE
    ../clib/signal.c                         0x00000000   Number         0  defsig_rtred_inner.o ABSOLUTE
    ../clib/signal.c                         0x00000000   Number         0  defsig_rtred_formal.o ABSOLUTE
    ../clib/signal.c                         0x00000000   Number         0  defsig_exit.o ABSOLUTE
    ../clib/signal.c                         0x00000000   Number         0  defsig_rtmem_inner.o ABSOLUTE
    ../clib/signal.c                         0x00000000   Number         0  defsig_other.o ABSOLUTE
    ../clib/signal.s                         0x00000000   Number         0  defsig.o ABSOLUTE
    ../clib/stdio.c                          0x00000000   Number         0  fseek.o ABSOLUTE
    ../clib/stdio.c                          0x00000000   Number         0  stdio.o ABSOLUTE
    ../clib/stdio.c                          0x00000000   Number         0  fwritefast.o ABSOLUTE
    ../clib/stdio.c                          0x00000000   Number         0  fwritefast_locked.o ABSOLUTE
    ../clib/stdio.c                          0x00000000   Number         0  fflush.o ABSOLUTE
    ../clib/stdio.c                          0x00000000   Number         0  ftell.o ABSOLUTE
    ../clib/stdio.c                          0x00000000   Number         0  fputs_locked.o ABSOLUTE
    ../clib/stdio.c                          0x00000000   Number         0  fflush_locked.o ABSOLUTE
    ../clib/stdio.c                          0x00000000   Number         0  stdio_streams.o ABSOLUTE
    ../clib/stdio.c                          0x00000000   Number         0  ferror.o ABSOLUTE
    ../clib/stdio.c                          0x00000000   Number         0  fputc.o ABSOLUTE
    ../clib/stdio.c                          0x00000000   Number         0  initio.o ABSOLUTE
    ../clib/stdio.c                          0x00000000   Number         0  fputs.o ABSOLUTE
    ../clib/stdio.c                          0x00000000   Number         0  ferror_locked.o ABSOLUTE
    ../clib/stdio.c                          0x00000000   Number         0  initio_locked.o ABSOLUTE
    ../clib/stdio.c                          0x00000000   Number         0  flsbuf.o ABSOLUTE
    ../clib/stdio.c                          0x00000000   Number         0  setvbuf.o ABSOLUTE
    ../clib/stdio.c                          0x00000000   Number         0  streamlock.o ABSOLUTE
    ../clib/stdio.c                          0x00000000   Number         0  fopen.o ABSOLUTE
    ../clib/stdio.c                          0x00000000   Number         0  fclose.o ABSOLUTE
    ../clib/stdio.c                          0x00000000   Number         0  fputc_locked.o ABSOLUTE
    ../clib/stdio.c                          0x00000000   Number         0  setvbuf_locked.o ABSOLUTE
    ../clib/stdio.c                          0x00000000   Number         0  fopen_locked.o ABSOLUTE
    ../clib/stdlib.c                         0x00000000   Number         0  exit.o ABSOLUTE
    ../clib/string.c                         0x00000000   Number         0  strlen.o ABSOLUTE
    ../clib/string.c                         0x00000000   Number         0  strcpy.o ABSOLUTE
    ../clib/wchar.c                          0x00000000   Number         0  flsbuf_fwide.o ABSOLUTE
    ../fplib/fpinit.s                        0x00000000   Number         0  fpinit.o ABSOLUTE
    FreeRTOS-Kernel\\portable\\RVDS\\ARM_CM3\\port.c 0x00000000   Number         0  port.o ABSOLUTE
    FreeRTOS-Kernel\croutine.c               0x00000000   Number         0  croutine.o ABSOLUTE
    FreeRTOS-Kernel\event_groups.c           0x00000000   Number         0  event_groups.o ABSOLUTE
    FreeRTOS-Kernel\list.c                   0x00000000   Number         0  list.o ABSOLUTE
    FreeRTOS-Kernel\portable\MemMang\heap_4.c 0x00000000   Number         0  heap_4.o ABSOLUTE
    FreeRTOS-Kernel\portable\RVDS\ARM_CM3\port.c 0x00000000   Number         0  port.o ABSOLUTE
    FreeRTOS-Kernel\queue.c                  0x00000000   Number         0  queue.o ABSOLUTE
    FreeRTOS-Kernel\stream_buffer.c          0x00000000   Number         0  stream_buffer.o ABSOLUTE
    FreeRTOS-Kernel\tasks.c                  0x00000000   Number         0  tasks.o ABSOLUTE
    FreeRTOS-Kernel\timers.c                 0x00000000   Number         0  timers.o ABSOLUTE
    System\Delay.c                           0x00000000   Number         0  delay.o ABSOLUTE
    dc.s                                     0x00000000   Number         0  dc.o ABSOLUTE
    library\misc.c                           0x00000000   Number         0  misc.o ABSOLUTE
    library\stm32f10x_adc.c                  0x00000000   Number         0  stm32f10x_adc.o ABSOLUTE
    library\stm32f10x_bkp.c                  0x00000000   Number         0  stm32f10x_bkp.o ABSOLUTE
    library\stm32f10x_can.c                  0x00000000   Number         0  stm32f10x_can.o ABSOLUTE
    library\stm32f10x_cec.c                  0x00000000   Number         0  stm32f10x_cec.o ABSOLUTE
    library\stm32f10x_crc.c                  0x00000000   Number         0  stm32f10x_crc.o ABSOLUTE
    library\stm32f10x_dac.c                  0x00000000   Number         0  stm32f10x_dac.o ABSOLUTE
    library\stm32f10x_dbgmcu.c               0x00000000   Number         0  stm32f10x_dbgmcu.o ABSOLUTE
    library\stm32f10x_dma.c                  0x00000000   Number         0  stm32f10x_dma.o ABSOLUTE
    library\stm32f10x_exti.c                 0x00000000   Number         0  stm32f10x_exti.o ABSOLUTE
    library\stm32f10x_flash.c                0x00000000   Number         0  stm32f10x_flash.o ABSOLUTE
    library\stm32f10x_fsmc.c                 0x00000000   Number         0  stm32f10x_fsmc.o ABSOLUTE
    library\stm32f10x_gpio.c                 0x00000000   Number         0  stm32f10x_gpio.o ABSOLUTE
    library\stm32f10x_i2c.c                  0x00000000   Number         0  stm32f10x_i2c.o ABSOLUTE
    library\stm32f10x_iwdg.c                 0x00000000   Number         0  stm32f10x_iwdg.o ABSOLUTE
    library\stm32f10x_pwr.c                  0x00000000   Number         0  stm32f10x_pwr.o ABSOLUTE
    library\stm32f10x_rcc.c                  0x00000000   Number         0  stm32f10x_rcc.o ABSOLUTE
    library\stm32f10x_rtc.c                  0x00000000   Number         0  stm32f10x_rtc.o ABSOLUTE
    library\stm32f10x_sdio.c                 0x00000000   Number         0  stm32f10x_sdio.o ABSOLUTE
    library\stm32f10x_spi.c                  0x00000000   Number         0  stm32f10x_spi.o ABSOLUTE
    library\stm32f10x_tim.c                  0x00000000   Number         0  stm32f10x_tim.o ABSOLUTE
    library\stm32f10x_usart.c                0x00000000   Number         0  stm32f10x_usart.o ABSOLUTE
    library\stm32f10x_wwdg.c                 0x00000000   Number         0  stm32f10x_wwdg.o ABSOLUTE
    start\\core_cm3.c                        0x00000000   Number         0  core_cm3.o ABSOLUTE
    start\core_cm3.c                         0x00000000   Number         0  core_cm3.o ABSOLUTE
    start\startup_stm32f10x_md.s             0x00000000   Number         0  startup_stm32f10x_md.o ABSOLUTE
    start\system_stm32f10x.c                 0x00000000   Number         0  system_stm32f10x.o ABSOLUTE
    user\main.c                              0x00000000   Number         0  main.o ABSOLUTE
    user\stm32f10x_it.c                      0x00000000   Number         0  stm32f10x_it.o ABSOLUTE
    RESET                                    0x08000000   Section      236  startup_stm32f10x_md.o(RESET)
    !!!main                                  0x080000ec   Section        8  __main.o(!!!main)
    !!!scatter                               0x080000f4   Section       52  __scatter.o(!!!scatter)
    !!handler_copy                           0x08000128   Section       26  __scatter_copy.o(!!handler_copy)
    !!handler_zi                             0x08000144   Section       28  __scatter_zi.o(!!handler_zi)
    .ARM.Collect$$_printf_percent$$00000000  0x08000160   Section        0  _printf_percent.o(.ARM.Collect$$_printf_percent$$00000000)
    .ARM.Collect$$_printf_percent$$00000009  0x08000160   Section        6  _printf_d.o(.ARM.Collect$$_printf_percent$$00000009)
    .ARM.Collect$$_printf_percent$$00000014  0x08000166   Section        6  _printf_s.o(.ARM.Collect$$_printf_percent$$00000014)
    .ARM.Collect$$_printf_percent$$00000017  0x0800016c   Section        4  _printf_percent_end.o(.ARM.Collect$$_printf_percent$$00000017)
    .ARM.Collect$$libinit$$00000000          0x08000170   Section        2  libinit.o(.ARM.Collect$$libinit$$00000000)
    .ARM.Collect$$libinit$$00000002          0x08000172   Section        0  libinit2.o(.ARM.Collect$$libinit$$00000002)
    .ARM.Collect$$libinit$$00000004          0x08000172   Section        0  libinit2.o(.ARM.Collect$$libinit$$00000004)
    .ARM.Collect$$libinit$$00000005          0x08000172   Section        8  libinit2.o(.ARM.Collect$$libinit$$00000005)
    .ARM.Collect$$libinit$$0000000A          0x0800017a   Section        0  libinit2.o(.ARM.Collect$$libinit$$0000000A)
    .ARM.Collect$$libinit$$0000000C          0x0800017a   Section        0  libinit2.o(.ARM.Collect$$libinit$$0000000C)
    .ARM.Collect$$libinit$$0000000E          0x0800017a   Section        0  libinit2.o(.ARM.Collect$$libinit$$0000000E)
    .ARM.Collect$$libinit$$00000011          0x0800017a   Section        0  libinit2.o(.ARM.Collect$$libinit$$00000011)
    .ARM.Collect$$libinit$$00000013          0x0800017a   Section        0  libinit2.o(.ARM.Collect$$libinit$$00000013)
    .ARM.Collect$$libinit$$00000015          0x0800017a   Section        0  libinit2.o(.ARM.Collect$$libinit$$00000015)
    .ARM.Collect$$libinit$$00000017          0x0800017a   Section        0  libinit2.o(.ARM.Collect$$libinit$$00000017)
    .ARM.Collect$$libinit$$00000019          0x0800017a   Section        0  libinit2.o(.ARM.Collect$$libinit$$00000019)
    .ARM.Collect$$libinit$$0000001B          0x0800017a   Section        0  libinit2.o(.ARM.Collect$$libinit$$0000001B)
    .ARM.Collect$$libinit$$0000001D          0x0800017a   Section        0  libinit2.o(.ARM.Collect$$libinit$$0000001D)
    .ARM.Collect$$libinit$$0000001F          0x0800017a   Section        0  libinit2.o(.ARM.Collect$$libinit$$0000001F)
    .ARM.Collect$$libinit$$00000021          0x0800017a   Section        0  libinit2.o(.ARM.Collect$$libinit$$00000021)
    .ARM.Collect$$libinit$$00000023          0x0800017a   Section        0  libinit2.o(.ARM.Collect$$libinit$$00000023)
    .ARM.Collect$$libinit$$00000024          0x0800017a   Section        4  libinit2.o(.ARM.Collect$$libinit$$00000024)
    .ARM.Collect$$libinit$$00000025          0x0800017e   Section        0  libinit2.o(.ARM.Collect$$libinit$$00000025)
    .ARM.Collect$$libinit$$0000002C          0x0800017e   Section        0  libinit2.o(.ARM.Collect$$libinit$$0000002C)
    .ARM.Collect$$libinit$$0000002E          0x0800017e   Section        0  libinit2.o(.ARM.Collect$$libinit$$0000002E)
    .ARM.Collect$$libinit$$00000030          0x0800017e   Section        0  libinit2.o(.ARM.Collect$$libinit$$00000030)
    .ARM.Collect$$libinit$$00000032          0x0800017e   Section        0  libinit2.o(.ARM.Collect$$libinit$$00000032)
    .ARM.Collect$$libinit$$00000033          0x0800017e   Section        2  libinit2.o(.ARM.Collect$$libinit$$00000033)
    .ARM.Collect$$libshutdown$$00000000      0x08000180   Section        2  libshutdown.o(.ARM.Collect$$libshutdown$$00000000)
    .ARM.Collect$$libshutdown$$00000002      0x08000182   Section        0  libshutdown2.o(.ARM.Collect$$libshutdown$$00000002)
    .ARM.Collect$$libshutdown$$00000003      0x08000182   Section        4  libshutdown2.o(.ARM.Collect$$libshutdown$$00000003)
    .ARM.Collect$$libshutdown$$00000004      0x08000186   Section        0  libshutdown2.o(.ARM.Collect$$libshutdown$$00000004)
    .ARM.Collect$$libshutdown$$00000007      0x08000186   Section        0  libshutdown2.o(.ARM.Collect$$libshutdown$$00000007)
    .ARM.Collect$$libshutdown$$0000000A      0x08000186   Section        0  libshutdown2.o(.ARM.Collect$$libshutdown$$0000000A)
    .ARM.Collect$$libshutdown$$0000000C      0x08000186   Section        0  libshutdown2.o(.ARM.Collect$$libshutdown$$0000000C)
    .ARM.Collect$$libshutdown$$0000000F      0x08000186   Section        0  libshutdown2.o(.ARM.Collect$$libshutdown$$0000000F)
    .ARM.Collect$$libshutdown$$00000010      0x08000186   Section        2  libshutdown2.o(.ARM.Collect$$libshutdown$$00000010)
    .ARM.Collect$$rtentry$$00000000          0x08000188   Section        0  __rtentry.o(.ARM.Collect$$rtentry$$00000000)
    .ARM.Collect$$rtentry$$00000002          0x08000188   Section        0  __rtentry2.o(.ARM.Collect$$rtentry$$00000002)
    .ARM.Collect$$rtentry$$00000004          0x08000188   Section        6  __rtentry4.o(.ARM.Collect$$rtentry$$00000004)
    .ARM.Collect$$rtentry$$00000009          0x0800018e   Section        0  __rtentry2.o(.ARM.Collect$$rtentry$$00000009)
    .ARM.Collect$$rtentry$$0000000A          0x0800018e   Section        4  __rtentry2.o(.ARM.Collect$$rtentry$$0000000A)
    .ARM.Collect$$rtentry$$0000000C          0x08000192   Section        0  __rtentry2.o(.ARM.Collect$$rtentry$$0000000C)
    .ARM.Collect$$rtentry$$0000000D          0x08000192   Section        8  __rtentry2.o(.ARM.Collect$$rtentry$$0000000D)
    .ARM.Collect$$rtexit$$00000000           0x0800019a   Section        2  rtexit.o(.ARM.Collect$$rtexit$$00000000)
    .ARM.Collect$$rtexit$$00000002           0x0800019c   Section        0  rtexit2.o(.ARM.Collect$$rtexit$$00000002)
    .ARM.Collect$$rtexit$$00000003           0x0800019c   Section        4  rtexit2.o(.ARM.Collect$$rtexit$$00000003)
    .ARM.Collect$$rtexit$$00000004           0x080001a0   Section        6  rtexit2.o(.ARM.Collect$$rtexit$$00000004)
    .emb_text                                0x080001a8   Section      150  port.o(.emb_text)
    .emb_text                                0x08000240   Section        0  maybetermalloc1.o(.emb_text)
    .text                                    0x08000240   Section       64  startup_stm32f10x_md.o(.text)
    .text                                    0x08000280   Section        0  __2printf.o(.text)
    .text                                    0x08000298   Section        0  __printf.o(.text)
    .text                                    0x08000300   Section        0  _printf_str.o(.text)
    .text                                    0x08000354   Section        0  _printf_dec.o(.text)
    .text                                    0x080003cc   Section        0  strlen.o(.text)
    .text                                    0x0800040a   Section       78  rt_memclr_w.o(.text)
    .text                                    0x08000458   Section        0  heapauxi.o(.text)
    .text                                    0x0800045e   Section        0  _printf_intcommon.o(.text)
    .text                                    0x08000510   Section        0  _printf_char_common.o(.text)
    _printf_input_char                       0x08000511   Thumb Code    10  _printf_char_common.o(.text)
    .text                                    0x08000540   Section        0  _printf_char.o(.text)
    .text                                    0x0800056c   Section        0  _printf_char_file.o(.text)
    .text                                    0x08000590   Section        0  ferror.o(.text)
    .text                                    0x08000598   Section        0  initio.o(.text)
    .text                                    0x080006d0   Section        0  sys_io.o(.text)
    .text                                    0x08000736   Section       74  sys_stackheap_outer.o(.text)
    .text                                    0x08000780   Section        0  h1_free.o(.text)
    .text                                    0x080007ce   Section        0  flsbuf.o(.text)
    .text                                    0x080009a4   Section        0  setvbuf.o(.text)
    .text                                    0x080009ec   Section        0  fopen.o(.text)
    _freopen_locked                          0x080009ed   Thumb Code     0  fopen.o(.text)
    .text                                    0x08000ad8   Section        0  fclose.o(.text)
    .text                                    0x08000b24   Section        0  exit.o(.text)
    .text                                    0x08000b36   Section        0  defsig_rtred_outer.o(.text)
    .text                                    0x08000b44   Section        8  libspace.o(.text)
    .text                                    0x08000b4c   Section        2  use_no_semi.o(.text)
    .text                                    0x08000b4e   Section        0  indicate_semi.o(.text)
    .text                                    0x08000b50   Section        8  rt_heap_descriptor_intlibspace.o(.text)
    .text                                    0x08000b58   Section        0  hguard.o(.text)
    .text                                    0x08000b5c   Section        0  init_alloc.o(.text)
    .text                                    0x08000be6   Section        0  h1_alloc.o(.text)
    .text                                    0x08000c44   Section        0  fseek.o(.text)
    .text                                    0x08000d3c   Section        0  stdio.o(.text)
    .text                                    0x08000e2c   Section        0  defsig_exit.o(.text)
    .text                                    0x08000e38   Section        0  defsig_rtred_inner.o(.text)
    .text                                    0x08000e6c   Section        0  sys_exit.o(.text)
    .text                                    0x08000e78   Section        0  h1_init.o(.text)
    .text                                    0x08000e86   Section        0  h1_extend.o(.text)
    .text                                    0x08000eba   Section        0  ftell.o(.text)
    .text                                    0x08000efc   Section        0  defsig_general.o(.text)
    .text                                    0x08000f2e   Section        0  defsig_rtmem_outer.o(.text)
    .text                                    0x08000f3c   Section        0  sys_wrch.o(.text)
    .text                                    0x08000f4c   Section        8  rt_errno_addr_intlibspace.o(.text)
    .text                                    0x08000f54   Section        0  defsig_rtmem_inner.o(.text)
    i.BusFault_Handler                       0x08000fa4   Section        0  stm32f10x_it.o(i.BusFault_Handler)
    i.DebugMon_Handler                       0x08000fa8   Section        0  stm32f10x_it.o(i.DebugMon_Handler)
    i.Delay_ms                               0x08000faa   Section        0  delay.o(i.Delay_ms)
    i.Delay_us                               0x08000fc2   Section        0  delay.o(i.Delay_us)
    i.GPIO_Init                              0x08000fec   Section        0  stm32f10x_gpio.o(i.GPIO_Init)
    i.GPIO_ResetBits                         0x08001102   Section        0  stm32f10x_gpio.o(i.GPIO_ResetBits)
    i.GPIO_SetBits                           0x08001106   Section        0  stm32f10x_gpio.o(i.GPIO_SetBits)
    i.HardFault_Handler                      0x0800110a   Section        0  stm32f10x_it.o(i.HardFault_Handler)
    i.MemManage_Handler                      0x0800110e   Section        0  stm32f10x_it.o(i.MemManage_Handler)
    i.NMI_Handler                            0x08001112   Section        0  stm32f10x_it.o(i.NMI_Handler)
    i.RCC_APB2PeriphClockCmd                 0x08001114   Section        0  stm32f10x_rcc.o(i.RCC_APB2PeriphClockCmd)
    i.SetSysClock                            0x08001134   Section        0  system_stm32f10x.o(i.SetSysClock)
    SetSysClock                              0x08001135   Thumb Code     8  system_stm32f10x.o(i.SetSysClock)
    i.SetSysClockTo72                        0x0800113c   Section        0  system_stm32f10x.o(i.SetSysClockTo72)
    SetSysClockTo72                          0x0800113d   Thumb Code   214  system_stm32f10x.o(i.SetSysClockTo72)
    i.SysTick_Handler                        0x0800121c   Section        0  port.o(i.SysTick_Handler)
    i.SystemInit                             0x08001250   Section        0  system_stm32f10x.o(i.SystemInit)
    i.UsageFault_Handler                     0x080012b0   Section        0  stm32f10x_it.o(i.UsageFault_Handler)
    i.fputc                                  0x080012b4   Section        0  fputc.o(i.fputc)
    i.main                                   0x080012d0   Section        0  main.o(i.main)
    i.prvResetNextTaskUnblockTime            0x08001320   Section        0  tasks.o(i.prvResetNextTaskUnblockTime)
    prvResetNextTaskUnblockTime              0x08001321   Thumb Code    40  tasks.o(i.prvResetNextTaskUnblockTime)
    i.vTaskSwitchContext                     0x08001350   Section        0  tasks.o(i.vTaskSwitchContext)
    i.xTaskIncrementTick                     0x08001404   Section        0  tasks.o(i.xTaskIncrementTick)
    .constdata                               0x080015ec   Section        4  sys_io.o(.constdata)
    .constdata                               0x080015f0   Section        4  sys_io.o(.constdata)
    .constdata                               0x080015f4   Section        4  sys_io.o(.constdata)
    .data                                    0x20000000   Section       64  tasks.o(.data)
    pxDelayedTaskList                        0x20000004   Data           4  tasks.o(.data)
    pxOverflowDelayedTaskList                0x20000008   Data           4  tasks.o(.data)
    uxDeletedTasksWaitingCleanUp             0x2000000c   Data           4  tasks.o(.data)
    uxCurrentNumberOfTasks                   0x20000010   Data           4  tasks.o(.data)
    xTickCount                               0x20000014   Data           4  tasks.o(.data)
    uxTopReadyPriority                       0x20000018   Data           4  tasks.o(.data)
    xSchedulerRunning                        0x2000001c   Data           4  tasks.o(.data)
    xPendedTicks                             0x20000020   Data           4  tasks.o(.data)
    xYieldPendings                           0x20000024   Data           4  tasks.o(.data)
    xNumOfOverflows                          0x20000028   Data           4  tasks.o(.data)
    uxTaskNumber                             0x2000002c   Data           4  tasks.o(.data)
    xNextTaskUnblockTime                     0x20000030   Data           4  tasks.o(.data)
    xIdleTaskHandles                         0x20000034   Data           4  tasks.o(.data)
    uxTopUsedPriority                        0x20000038   Data           4  tasks.o(.data)
    uxSchedulerSuspended                     0x2000003c   Data           4  tasks.o(.data)
    .data                                    0x20000040   Section        4  stdio_streams.o(.data)
    .data                                    0x20000044   Section        4  stdio_streams.o(.data)
    .data                                    0x20000048   Section        4  stdio_streams.o(.data)
    .bss                                     0x2000004c   Section      300  tasks.o(.bss)
    pxReadyTasksLists                        0x2000004c   Data         200  tasks.o(.bss)
    xDelayedTaskList1                        0x20000114   Data          20  tasks.o(.bss)
    xDelayedTaskList2                        0x20000128   Data          20  tasks.o(.bss)
    xPendingReadyList                        0x2000013c   Data          20  tasks.o(.bss)
    xTasksWaitingTermination                 0x20000150   Data          20  tasks.o(.bss)
    xSuspendedTaskList                       0x20000164   Data          20  tasks.o(.bss)
    .bss                                     0x20000178   Section       84  stdio_streams.o(.bss)
    .bss                                     0x200001cc   Section       84  stdio_streams.o(.bss)
    .bss                                     0x20000220   Section       84  stdio_streams.o(.bss)
    .bss                                     0x20000274   Section       96  libspace.o(.bss)
    HEAP                                     0x200002d8   Section      512  startup_stm32f10x_md.o(HEAP)
    Heap_Mem                                 0x200002d8   Data         512  startup_stm32f10x_md.o(HEAP)
    STACK                                    0x200004d8   Section     1024  startup_stm32f10x_md.o(STACK)
    Stack_Mem                                0x200004d8   Data        1024  startup_stm32f10x_md.o(STACK)
    __initial_sp                             0x200008d8   Data           0  startup_stm32f10x_md.o(STACK)

    Global Symbols

    Symbol Name                              Value     Ov Type        Size  Object(Section)

    BuildAttributes$$THM_ISAv4$P$D$K$B$S$PE$A:L22UL41UL21$X:L11$S22US41US21$IEEE1$IW$USESV6$~STKCKD$USESV7$~SHL$OTIME$ROPI$EBA8$UX$STANDARDLIB$REQ8$PRES8$EABIv2 0x00000000   Number         0  anon$$obj.o ABSOLUTE
    __ARM_use_no_argv                        0x00000000   Number         0  main.o ABSOLUTE
    _printf_flags                            0x00000000   Number         0  printf_stubs.o ABSOLUTE
    _printf_return_value                     0x00000000   Number         0  printf_stubs.o ABSOLUTE
    _printf_sizespec                         0x00000000   Number         0  printf_stubs.o ABSOLUTE
    _printf_widthprec                        0x00000000   Number         0  printf_stubs.o ABSOLUTE
    __ARM_exceptions_init                     - Undefined Weak Reference
    __alloca_initialize                       - Undefined Weak Reference
    __arm_preinit_                            - Undefined Weak Reference
    __cpp_initialize__aeabi_                  - Undefined Weak Reference
    __cxa_finalize                            - Undefined Weak Reference
    __rt_locale                               - Undefined Weak Reference
    __sigvec_lookup                           - Undefined Weak Reference
    __user_heap_extent                        - Undefined Weak Reference
    _atexit_init                              - Undefined Weak Reference
    _call_atexit_fns                          - Undefined Weak Reference
    _clock_init                               - Undefined Weak Reference
    _fp_trap_init                             - Undefined Weak Reference
    _fp_trap_shutdown                         - Undefined Weak Reference
    _get_lc_collate                           - Undefined Weak Reference
    _get_lc_ctype                             - Undefined Weak Reference
    _get_lc_monetary                          - Undefined Weak Reference
    _get_lc_numeric                           - Undefined Weak Reference
    _get_lc_time                              - Undefined Weak Reference
    _getenv_init                              - Undefined Weak Reference
    _handle_redirection                       - Undefined Weak Reference
    _mutex_acquire                            - Undefined Weak Reference
    _mutex_free                               - Undefined Weak Reference
    _mutex_release                            - Undefined Weak Reference
    _printf_mbtowc                            - Undefined Weak Reference
    _printf_post_padding                      - Undefined Weak Reference
    _printf_pre_padding                       - Undefined Weak Reference
    _printf_truncate_signed                   - Undefined Weak Reference
    _printf_truncate_unsigned                 - Undefined Weak Reference
    _rand_init                                - Undefined Weak Reference
    _signal_finish                            - Undefined Weak Reference
    _signal_init                              - Undefined Weak Reference
    __Vectors_Size                           0x000000ec   Number         0  startup_stm32f10x_md.o ABSOLUTE
    __Vectors                                0x08000000   Data           4  startup_stm32f10x_md.o(RESET)
    __Vectors_End                            0x080000ec   Data           0  startup_stm32f10x_md.o(RESET)
    __main                                   0x080000ed   Thumb Code     8  __main.o(!!!main)
    __scatterload                            0x080000f5   Thumb Code     0  __scatter.o(!!!scatter)
    __scatterload_rt2                        0x080000f5   Thumb Code    44  __scatter.o(!!!scatter)
    __scatterload_rt2_thumb_only             0x080000f5   Thumb Code     0  __scatter.o(!!!scatter)
    __scatterload_null                       0x08000103   Thumb Code     0  __scatter.o(!!!scatter)
    __scatterload_copy                       0x08000129   Thumb Code    26  __scatter_copy.o(!!handler_copy)
    __scatterload_zeroinit                   0x08000145   Thumb Code    28  __scatter_zi.o(!!handler_zi)
    _printf_d                                0x08000161   Thumb Code     0  _printf_d.o(.ARM.Collect$$_printf_percent$$00000009)
    _printf_percent                          0x08000161   Thumb Code     0  _printf_percent.o(.ARM.Collect$$_printf_percent$$00000000)
    _printf_s                                0x08000167   Thumb Code     0  _printf_s.o(.ARM.Collect$$_printf_percent$$00000014)
    _printf_percent_end                      0x0800016d   Thumb Code     0  _printf_percent_end.o(.ARM.Collect$$_printf_percent$$00000017)
    __rt_lib_init                            0x08000171   Thumb Code     0  libinit.o(.ARM.Collect$$libinit$$00000000)
    __rt_lib_init_fp_1                       0x08000173   Thumb Code     0  libinit2.o(.ARM.Collect$$libinit$$00000002)
    __rt_lib_init_heap_2                     0x08000173   Thumb Code     0  libinit2.o(.ARM.Collect$$libinit$$00000005)
    __rt_lib_init_preinit_1                  0x08000173   Thumb Code     0  libinit2.o(.ARM.Collect$$libinit$$00000004)
    __rt_lib_init_atexit_1                   0x0800017b   Thumb Code     0  libinit2.o(.ARM.Collect$$libinit$$0000001B)
    __rt_lib_init_clock_1                    0x0800017b   Thumb Code     0  libinit2.o(.ARM.Collect$$libinit$$00000021)
    __rt_lib_init_fp_trap_1                  0x0800017b   Thumb Code     0  libinit2.o(.ARM.Collect$$libinit$$0000001F)
    __rt_lib_init_getenv_1                   0x0800017b   Thumb Code     0  libinit2.o(.ARM.Collect$$libinit$$00000023)
    __rt_lib_init_heap_1                     0x0800017b   Thumb Code     0  libinit2.o(.ARM.Collect$$libinit$$0000000A)
    __rt_lib_init_lc_collate_1               0x0800017b   Thumb Code     0  libinit2.o(.ARM.Collect$$libinit$$00000011)
    __rt_lib_init_lc_ctype_1                 0x0800017b   Thumb Code     0  libinit2.o(.ARM.Collect$$libinit$$00000013)
    __rt_lib_init_lc_monetary_1              0x0800017b   Thumb Code     0  libinit2.o(.ARM.Collect$$libinit$$00000015)
    __rt_lib_init_lc_numeric_1               0x0800017b   Thumb Code     0  libinit2.o(.ARM.Collect$$libinit$$00000017)
    __rt_lib_init_lc_time_1                  0x0800017b   Thumb Code     0  libinit2.o(.ARM.Collect$$libinit$$00000019)
    __rt_lib_init_rand_1                     0x0800017b   Thumb Code     0  libinit2.o(.ARM.Collect$$libinit$$0000000E)
    __rt_lib_init_signal_1                   0x0800017b   Thumb Code     0  libinit2.o(.ARM.Collect$$libinit$$0000001D)
    __rt_lib_init_stdio_2                    0x0800017b   Thumb Code     0  libinit2.o(.ARM.Collect$$libinit$$00000024)
    __rt_lib_init_user_alloc_1               0x0800017b   Thumb Code     0  libinit2.o(.ARM.Collect$$libinit$$0000000C)
    __rt_lib_init_alloca_1                   0x0800017f   Thumb Code     0  libinit2.o(.ARM.Collect$$libinit$$0000002E)
    __rt_lib_init_argv_1                     0x0800017f   Thumb Code     0  libinit2.o(.ARM.Collect$$libinit$$0000002C)
    __rt_lib_init_cpp_1                      0x0800017f   Thumb Code     0  libinit2.o(.ARM.Collect$$libinit$$00000032)
    __rt_lib_init_exceptions_1               0x0800017f   Thumb Code     0  libinit2.o(.ARM.Collect$$libinit$$00000030)
    __rt_lib_init_return                     0x0800017f   Thumb Code     0  libinit2.o(.ARM.Collect$$libinit$$00000033)
    __rt_lib_init_stdio_1                    0x0800017f   Thumb Code     0  libinit2.o(.ARM.Collect$$libinit$$00000025)
    __rt_lib_shutdown                        0x08000181   Thumb Code     0  libshutdown.o(.ARM.Collect$$libshutdown$$00000000)
    __rt_lib_shutdown_cpp_1                  0x08000183   Thumb Code     0  libshutdown2.o(.ARM.Collect$$libshutdown$$00000002)
    __rt_lib_shutdown_stdio_2                0x08000183   Thumb Code     0  libshutdown2.o(.ARM.Collect$$libshutdown$$00000003)
    __rt_lib_shutdown_fp_trap_1              0x08000187   Thumb Code     0  libshutdown2.o(.ARM.Collect$$libshutdown$$00000007)
    __rt_lib_shutdown_heap_1                 0x08000187   Thumb Code     0  libshutdown2.o(.ARM.Collect$$libshutdown$$0000000F)
    __rt_lib_shutdown_return                 0x08000187   Thumb Code     0  libshutdown2.o(.ARM.Collect$$libshutdown$$00000010)
    __rt_lib_shutdown_signal_1               0x08000187   Thumb Code     0  libshutdown2.o(.ARM.Collect$$libshutdown$$0000000A)
    __rt_lib_shutdown_stdio_1                0x08000187   Thumb Code     0  libshutdown2.o(.ARM.Collect$$libshutdown$$00000004)
    __rt_lib_shutdown_user_alloc_1           0x08000187   Thumb Code     0  libshutdown2.o(.ARM.Collect$$libshutdown$$0000000C)
    __rt_entry                               0x08000189   Thumb Code     0  __rtentry.o(.ARM.Collect$$rtentry$$00000000)
    __rt_entry_presh_1                       0x08000189   Thumb Code     0  __rtentry2.o(.ARM.Collect$$rtentry$$00000002)
    __rt_entry_sh                            0x08000189   Thumb Code     0  __rtentry4.o(.ARM.Collect$$rtentry$$00000004)
    __rt_entry_li                            0x0800018f   Thumb Code     0  __rtentry2.o(.ARM.Collect$$rtentry$$0000000A)
    __rt_entry_postsh_1                      0x0800018f   Thumb Code     0  __rtentry2.o(.ARM.Collect$$rtentry$$00000009)
    __rt_entry_main                          0x08000193   Thumb Code     0  __rtentry2.o(.ARM.Collect$$rtentry$$0000000D)
    __rt_entry_postli_1                      0x08000193   Thumb Code     0  __rtentry2.o(.ARM.Collect$$rtentry$$0000000C)
    __rt_exit                                0x0800019b   Thumb Code     0  rtexit.o(.ARM.Collect$$rtexit$$00000000)
    __rt_exit_ls                             0x0800019d   Thumb Code     0  rtexit2.o(.ARM.Collect$$rtexit$$00000003)
    __rt_exit_prels_1                        0x0800019d   Thumb Code     0  rtexit2.o(.ARM.Collect$$rtexit$$00000002)
    __rt_exit_exit                           0x080001a1   Thumb Code     0  rtexit2.o(.ARM.Collect$$rtexit$$00000004)
    SVC_Handler                              0x080001a9   Thumb Code    32  port.o(.emb_text)
    __asm___6_port_c_39a90d8d__prvStartFirstTask 0x080001cd   Thumb Code    28  port.o(.emb_text)
    PendSV_Handler                           0x080001ed   Thumb Code    72  port.o(.emb_text)
    vPortGetIPSR                             0x08000239   Thumb Code     6  port.o(.emb_text)
    Reset_Handler                            0x08000241   Thumb Code     8  startup_stm32f10x_md.o(.text)
    _maybe_terminate_alloc                   0x08000241   Thumb Code     0  maybetermalloc1.o(.emb_text)
    ADC1_2_IRQHandler                        0x0800025b   Thumb Code     0  startup_stm32f10x_md.o(.text)
    CAN1_RX1_IRQHandler                      0x0800025b   Thumb Code     0  startup_stm32f10x_md.o(.text)
    CAN1_SCE_IRQHandler                      0x0800025b   Thumb Code     0  startup_stm32f10x_md.o(.text)
    DMA1_Channel1_IRQHandler                 0x0800025b   Thumb Code     0  startup_stm32f10x_md.o(.text)
    DMA1_Channel2_IRQHandler                 0x0800025b   Thumb Code     0  startup_stm32f10x_md.o(.text)
    DMA1_Channel3_IRQHandler                 0x0800025b   Thumb Code     0  startup_stm32f10x_md.o(.text)
    DMA1_Channel4_IRQHandler                 0x0800025b   Thumb Code     0  startup_stm32f10x_md.o(.text)
    DMA1_Channel5_IRQHandler                 0x0800025b   Thumb Code     0  startup_stm32f10x_md.o(.text)
    DMA1_Channel6_IRQHandler                 0x0800025b   Thumb Code     0  startup_stm32f10x_md.o(.text)
    DMA1_Channel7_IRQHandler                 0x0800025b   Thumb Code     0  startup_stm32f10x_md.o(.text)
    EXTI0_IRQHandler                         0x0800025b   Thumb Code     0  startup_stm32f10x_md.o(.text)
    EXTI15_10_IRQHandler                     0x0800025b   Thumb Code     0  startup_stm32f10x_md.o(.text)
    EXTI1_IRQHandler                         0x0800025b   Thumb Code     0  startup_stm32f10x_md.o(.text)
    EXTI2_IRQHandler                         0x0800025b   Thumb Code     0  startup_stm32f10x_md.o(.text)
    EXTI3_IRQHandler                         0x0800025b   Thumb Code     0  startup_stm32f10x_md.o(.text)
    EXTI4_IRQHandler                         0x0800025b   Thumb Code     0  startup_stm32f10x_md.o(.text)
    EXTI9_5_IRQHandler                       0x0800025b   Thumb Code     0  startup_stm32f10x_md.o(.text)
    FLASH_IRQHandler                         0x0800025b   Thumb Code     0  startup_stm32f10x_md.o(.text)
    I2C1_ER_IRQHandler                       0x0800025b   Thumb Code     0  startup_stm32f10x_md.o(.text)
    I2C1_EV_IRQHandler                       0x0800025b   Thumb Code     0  startup_stm32f10x_md.o(.text)
    I2C2_ER_IRQHandler                       0x0800025b   Thumb Code     0  startup_stm32f10x_md.o(.text)
    I2C2_EV_IRQHandler                       0x0800025b   Thumb Code     0  startup_stm32f10x_md.o(.text)
    PVD_IRQHandler                           0x0800025b   Thumb Code     0  startup_stm32f10x_md.o(.text)
    RCC_IRQHandler                           0x0800025b   Thumb Code     0  startup_stm32f10x_md.o(.text)
    RTCAlarm_IRQHandler                      0x0800025b   Thumb Code     0  startup_stm32f10x_md.o(.text)
    RTC_IRQHandler                           0x0800025b   Thumb Code     0  startup_stm32f10x_md.o(.text)
    SPI1_IRQHandler                          0x0800025b   Thumb Code     0  startup_stm32f10x_md.o(.text)
    SPI2_IRQHandler                          0x0800025b   Thumb Code     0  startup_stm32f10x_md.o(.text)
    TAMPER_IRQHandler                        0x0800025b   Thumb Code     0  startup_stm32f10x_md.o(.text)
    TIM1_BRK_IRQHandler                      0x0800025b   Thumb Code     0  startup_stm32f10x_md.o(.text)
    TIM1_CC_IRQHandler                       0x0800025b   Thumb Code     0  startup_stm32f10x_md.o(.text)
    TIM1_TRG_COM_IRQHandler                  0x0800025b   Thumb Code     0  startup_stm32f10x_md.o(.text)
    TIM1_UP_IRQHandler                       0x0800025b   Thumb Code     0  startup_stm32f10x_md.o(.text)
    TIM2_IRQHandler                          0x0800025b   Thumb Code     0  startup_stm32f10x_md.o(.text)
    TIM3_IRQHandler                          0x0800025b   Thumb Code     0  startup_stm32f10x_md.o(.text)
    TIM4_IRQHandler                          0x0800025b   Thumb Code     0  startup_stm32f10x_md.o(.text)
    USART1_IRQHandler                        0x0800025b   Thumb Code     0  startup_stm32f10x_md.o(.text)
    USART2_IRQHandler                        0x0800025b   Thumb Code     0  startup_stm32f10x_md.o(.text)
    USART3_IRQHandler                        0x0800025b   Thumb Code     0  startup_stm32f10x_md.o(.text)
    USBWakeUp_IRQHandler                     0x0800025b   Thumb Code     0  startup_stm32f10x_md.o(.text)
    USB_HP_CAN1_TX_IRQHandler                0x0800025b   Thumb Code     0  startup_stm32f10x_md.o(.text)
    USB_LP_CAN1_RX0_IRQHandler               0x0800025b   Thumb Code     0  startup_stm32f10x_md.o(.text)
    WWDG_IRQHandler                          0x0800025b   Thumb Code     0  startup_stm32f10x_md.o(.text)
    __user_initial_stackheap                 0x0800025d   Thumb Code     0  startup_stm32f10x_md.o(.text)
    __2printf                                0x08000281   Thumb Code    20  __2printf.o(.text)
    __printf                                 0x08000299   Thumb Code   104  __printf.o(.text)
    _printf_str                              0x08000301   Thumb Code    82  _printf_str.o(.text)
    _printf_int_dec                          0x08000355   Thumb Code   104  _printf_dec.o(.text)
    strlen                                   0x080003cd   Thumb Code    62  strlen.o(.text)
    __aeabi_memclr4                          0x0800040b   Thumb Code     0  rt_memclr_w.o(.text)
    __aeabi_memclr8                          0x0800040b   Thumb Code     0  rt_memclr_w.o(.text)
    __rt_memclr_w                            0x0800040b   Thumb Code    78  rt_memclr_w.o(.text)
    _memset_w                                0x0800040f   Thumb Code     0  rt_memclr_w.o(.text)
    __use_two_region_memory                  0x08000459   Thumb Code     2  heapauxi.o(.text)
    __rt_heap_escrow                         0x0800045b   Thumb Code     2  heapauxi.o(.text)
    __rt_heap_expand                         0x0800045d   Thumb Code     2  heapauxi.o(.text)
    _printf_int_common                       0x0800045f   Thumb Code   178  _printf_intcommon.o(.text)
    _printf_char_common                      0x0800051b   Thumb Code    32  _printf_char_common.o(.text)
    _printf_cs_common                        0x08000541   Thumb Code    20  _printf_char.o(.text)
    _printf_char                             0x08000555   Thumb Code    16  _printf_char.o(.text)
    _printf_string                           0x08000565   Thumb Code     8  _printf_char.o(.text)
    _printf_char_file                        0x0800056d   Thumb Code    32  _printf_char_file.o(.text)
    ferror                                   0x08000591   Thumb Code     8  ferror.o(.text)
    _initio                                  0x08000599   Thumb Code   210  initio.o(.text)
    _terminateio                             0x0800066b   Thumb Code    56  initio.o(.text)
    _sys_open                                0x080006d1   Thumb Code    20  sys_io.o(.text)
    _sys_close                               0x080006e5   Thumb Code    12  sys_io.o(.text)
    _sys_write                               0x080006f1   Thumb Code    16  sys_io.o(.text)
    _sys_read                                0x08000701   Thumb Code    14  sys_io.o(.text)
    _sys_istty                               0x0800070f   Thumb Code    12  sys_io.o(.text)
    _sys_seek                                0x0800071b   Thumb Code    14  sys_io.o(.text)
    _sys_ensure                              0x08000729   Thumb Code     2  sys_io.o(.text)
    _sys_flen                                0x0800072b   Thumb Code    12  sys_io.o(.text)
    __user_setup_stackheap                   0x08000737   Thumb Code    74  sys_stackheap_outer.o(.text)
    free                                     0x08000781   Thumb Code    78  h1_free.o(.text)
    __flsbuf                                 0x080007cf   Thumb Code   470  flsbuf.o(.text)
    __flsbuf_byte                            0x080007cf   Thumb Code     0  flsbuf.o(.text)
    __flsbuf_wide                            0x080007cf   Thumb Code     0  flsbuf.o(.text)
    setvbuf                                  0x080009a5   Thumb Code    70  setvbuf.o(.text)
    freopen                                  0x080009ed   Thumb Code   158  fopen.o(.text)
    fopen                                    0x08000a8b   Thumb Code    74  fopen.o(.text)
    _fclose_internal                         0x08000ad9   Thumb Code    76  fclose.o(.text)
    fclose                                   0x08000ad9   Thumb Code     0  fclose.o(.text)
    exit                                     0x08000b25   Thumb Code    18  exit.o(.text)
    __rt_SIGRTRED                            0x08000b37   Thumb Code    14  defsig_rtred_outer.o(.text)
    __user_libspace                          0x08000b45   Thumb Code     8  libspace.o(.text)
    __user_perproc_libspace                  0x08000b45   Thumb Code     0  libspace.o(.text)
    __user_perthread_libspace                0x08000b45   Thumb Code     0  libspace.o(.text)
    __I$use$semihosting                      0x08000b4d   Thumb Code     0  use_no_semi.o(.text)
    __use_no_semihosting_swi                 0x08000b4d   Thumb Code     2  use_no_semi.o(.text)
    __semihosting_library_function           0x08000b4f   Thumb Code     0  indicate_semi.o(.text)
    __rt_heap_descriptor                     0x08000b51   Thumb Code     8  rt_heap_descriptor_intlibspace.o(.text)
    __use_no_heap                            0x08000b59   Thumb Code     2  hguard.o(.text)
    __heap$guard                             0x08000b5b   Thumb Code     2  hguard.o(.text)
    _terminate_user_alloc                    0x08000b5d   Thumb Code     2  init_alloc.o(.text)
    _init_user_alloc                         0x08000b5f   Thumb Code     2  init_alloc.o(.text)
    __Heap_Full                              0x08000b61   Thumb Code    34  init_alloc.o(.text)
    __Heap_Broken                            0x08000b83   Thumb Code     6  init_alloc.o(.text)
    _init_alloc                              0x08000b89   Thumb Code    94  init_alloc.o(.text)
    malloc                                   0x08000be7   Thumb Code    94  h1_alloc.o(.text)
    _fseek                                   0x08000c45   Thumb Code   242  fseek.o(.text)
    fseek                                    0x08000c45   Thumb Code     0  fseek.o(.text)
    _seterr                                  0x08000d3d   Thumb Code    20  stdio.o(.text)
    _writebuf                                0x08000d51   Thumb Code    84  stdio.o(.text)
    _fflush                                  0x08000da5   Thumb Code    70  stdio.o(.text)
    _deferredlazyseek                        0x08000deb   Thumb Code    60  stdio.o(.text)
    __sig_exit                               0x08000e2d   Thumb Code    10  defsig_exit.o(.text)
    __rt_SIGRTRED_inner                      0x08000e39   Thumb Code    14  defsig_rtred_inner.o(.text)
    _sys_exit                                0x08000e6d   Thumb Code     8  sys_exit.o(.text)
    __Heap_Initialize                        0x08000e79   Thumb Code    10  h1_init.o(.text)
    __Heap_DescSize                          0x08000e83   Thumb Code     4  h1_init.o(.text)
    __Heap_ProvideMemory                     0x08000e87   Thumb Code    52  h1_extend.o(.text)
    _ftell_internal                          0x08000ebb   Thumb Code    66  ftell.o(.text)
    ftell                                    0x08000ebb   Thumb Code     0  ftell.o(.text)
    __default_signal_display                 0x08000efd   Thumb Code    50  defsig_general.o(.text)
    __rt_SIGRTMEM                            0x08000f2f   Thumb Code    14  defsig_rtmem_outer.o(.text)
    _ttywrch                                 0x08000f3d   Thumb Code    14  sys_wrch.o(.text)
    __aeabi_errno_addr                       0x08000f4d   Thumb Code     8  rt_errno_addr_intlibspace.o(.text)
    __errno$intlibspace                      0x08000f4d   Thumb Code     0  rt_errno_addr_intlibspace.o(.text)
    __rt_errno_addr$intlibspace              0x08000f4d   Thumb Code     0  rt_errno_addr_intlibspace.o(.text)
    __rt_SIGRTMEM_inner                      0x08000f55   Thumb Code    22  defsig_rtmem_inner.o(.text)
    BusFault_Handler                         0x08000fa5   Thumb Code     4  stm32f10x_it.o(i.BusFault_Handler)
    DebugMon_Handler                         0x08000fa9   Thumb Code     2  stm32f10x_it.o(i.DebugMon_Handler)
    Delay_ms                                 0x08000fab   Thumb Code    24  delay.o(i.Delay_ms)
    Delay_us                                 0x08000fc3   Thumb Code    42  delay.o(i.Delay_us)
    GPIO_Init                                0x08000fed   Thumb Code   278  stm32f10x_gpio.o(i.GPIO_Init)
    GPIO_ResetBits                           0x08001103   Thumb Code     4  stm32f10x_gpio.o(i.GPIO_ResetBits)
    GPIO_SetBits                             0x08001107   Thumb Code     4  stm32f10x_gpio.o(i.GPIO_SetBits)
    HardFault_Handler                        0x0800110b   Thumb Code     4  stm32f10x_it.o(i.HardFault_Handler)
    MemManage_Handler                        0x0800110f   Thumb Code     4  stm32f10x_it.o(i.MemManage_Handler)
    NMI_Handler                              0x08001113   Thumb Code     2  stm32f10x_it.o(i.NMI_Handler)
    RCC_APB2PeriphClockCmd                   0x08001115   Thumb Code    26  stm32f10x_rcc.o(i.RCC_APB2PeriphClockCmd)
    SysTick_Handler                          0x0800121d   Thumb Code    46  port.o(i.SysTick_Handler)
    SystemInit                               0x08001251   Thumb Code    78  system_stm32f10x.o(i.SystemInit)
    UsageFault_Handler                       0x080012b1   Thumb Code     4  stm32f10x_it.o(i.UsageFault_Handler)
    fputc                                    0x080012b5   Thumb Code    26  fputc.o(i.fputc)
    main                                     0x080012d1   Thumb Code    76  main.o(i.main)
    vTaskSwitchContext                       0x08001351   Thumb Code   118  tasks.o(i.vTaskSwitchContext)
    xTaskIncrementTick                       0x08001405   Thumb Code   404  tasks.o(i.xTaskIncrementTick)
    __stdin_name                             0x080015ec   Data           4  sys_io.o(.constdata)
    __stdout_name                            0x080015f0   Data           4  sys_io.o(.constdata)
    __stderr_name                            0x080015f4   Data           4  sys_io.o(.constdata)
    Region$$Table$$Base                      0x080015f8   Number         0  anon$$obj.o(Region$$Table)
    Region$$Table$$Limit                     0x08001618   Number         0  anon$$obj.o(Region$$Table)
    pxCurrentTCB                             0x20000000   Data           4  tasks.o(.data)
    __aeabi_stdin                            0x20000040   Data           4  stdio_streams.o(.data)
    __aeabi_stdout                           0x20000044   Data           4  stdio_streams.o(.data)
    __aeabi_stderr                           0x20000048   Data           4  stdio_streams.o(.data)
    __stdin                                  0x20000178   Data          84  stdio_streams.o(.bss)
    __stdout                                 0x200001cc   Data          84  stdio_streams.o(.bss)
    __stderr                                 0x20000220   Data          84  stdio_streams.o(.bss)
    __libspace_start                         0x20000274   Data          96  libspace.o(.bss)
    __temporary_stack_top$libspace           0x200002d4   Data           0  libspace.o(.bss)



==============================================================================

Memory Map of the image

  Image Entry point : 0x080000ed

  Load Region LR_IROM1 (Base: 0x08000000, Size: 0x00001664, Max: 0x00010000, ABSOLUTE)

    Execution Region ER_IROM1 (Exec base: 0x08000000, Load base: 0x08000000, Size: 0x00001618, Max: 0x00010000, ABSOLUTE)

    Exec Addr    Load Addr    Size         Type   Attr      Idx    E Section Name        Object

    0x08000000   0x08000000   0x000000ec   Data   RO            3    RESET               startup_stm32f10x_md.o
    0x080000ec   0x080000ec   0x00000008   Code   RO         4774  * !!!main             c_w.l(__main.o)
    0x080000f4   0x080000f4   0x00000034   Code   RO         5125    !!!scatter          c_w.l(__scatter.o)
    0x08000128   0x08000128   0x0000001a   Code   RO         5127    !!handler_copy      c_w.l(__scatter_copy.o)
    0x08000142   0x08000142   0x00000002   PAD
    0x08000144   0x08000144   0x0000001c   Code   RO         5129    !!handler_zi        c_w.l(__scatter_zi.o)
    0x08000160   0x08000160   0x00000000   Code   RO         4757    .ARM.Collect$$_printf_percent$$00000000  c_w.l(_printf_percent.o)
    0x08000160   0x08000160   0x00000006   Code   RO         4755    .ARM.Collect$$_printf_percent$$00000009  c_w.l(_printf_d.o)
    0x08000166   0x08000166   0x00000006   Code   RO         4754    .ARM.Collect$$_printf_percent$$00000014  c_w.l(_printf_s.o)
    0x0800016c   0x0800016c   0x00000004   Code   RO         4789    .ARM.Collect$$_printf_percent$$00000017  c_w.l(_printf_percent_end.o)
    0x08000170   0x08000170   0x00000002   Code   RO         4918    .ARM.Collect$$libinit$$00000000  c_w.l(libinit.o)
    0x08000172   0x08000172   0x00000000   Code   RO         4920    .ARM.Collect$$libinit$$00000002  c_w.l(libinit2.o)
    0x08000172   0x08000172   0x00000000   Code   RO         4922    .ARM.Collect$$libinit$$00000004  c_w.l(libinit2.o)
    0x08000172   0x08000172   0x00000008   Code   RO         4923    .ARM.Collect$$libinit$$00000005  c_w.l(libinit2.o)
    0x0800017a   0x0800017a   0x00000000   Code   RO         4925    .ARM.Collect$$libinit$$0000000A  c_w.l(libinit2.o)
    0x0800017a   0x0800017a   0x00000000   Code   RO         4927    .ARM.Collect$$libinit$$0000000C  c_w.l(libinit2.o)
    0x0800017a   0x0800017a   0x00000000   Code   RO         4929    .ARM.Collect$$libinit$$0000000E  c_w.l(libinit2.o)
    0x0800017a   0x0800017a   0x00000000   Code   RO         4932    .ARM.Collect$$libinit$$00000011  c_w.l(libinit2.o)
    0x0800017a   0x0800017a   0x00000000   Code   RO         4934    .ARM.Collect$$libinit$$00000013  c_w.l(libinit2.o)
    0x0800017a   0x0800017a   0x00000000   Code   RO         4936    .ARM.Collect$$libinit$$00000015  c_w.l(libinit2.o)
    0x0800017a   0x0800017a   0x00000000   Code   RO         4938    .ARM.Collect$$libinit$$00000017  c_w.l(libinit2.o)
    0x0800017a   0x0800017a   0x00000000   Code   RO         4940    .ARM.Collect$$libinit$$00000019  c_w.l(libinit2.o)
    0x0800017a   0x0800017a   0x00000000   Code   RO         4942    .ARM.Collect$$libinit$$0000001B  c_w.l(libinit2.o)
    0x0800017a   0x0800017a   0x00000000   Code   RO         4944    .ARM.Collect$$libinit$$0000001D  c_w.l(libinit2.o)
    0x0800017a   0x0800017a   0x00000000   Code   RO         4946    .ARM.Collect$$libinit$$0000001F  c_w.l(libinit2.o)
    0x0800017a   0x0800017a   0x00000000   Code   RO         4948    .ARM.Collect$$libinit$$00000021  c_w.l(libinit2.o)
    0x0800017a   0x0800017a   0x00000000   Code   RO         4950    .ARM.Collect$$libinit$$00000023  c_w.l(libinit2.o)
    0x0800017a   0x0800017a   0x00000004   Code   RO         4951    .ARM.Collect$$libinit$$00000024  c_w.l(libinit2.o)
    0x0800017e   0x0800017e   0x00000000   Code   RO         4952    .ARM.Collect$$libinit$$00000025  c_w.l(libinit2.o)
    0x0800017e   0x0800017e   0x00000000   Code   RO         4956    .ARM.Collect$$libinit$$0000002C  c_w.l(libinit2.o)
    0x0800017e   0x0800017e   0x00000000   Code   RO         4958    .ARM.Collect$$libinit$$0000002E  c_w.l(libinit2.o)
    0x0800017e   0x0800017e   0x00000000   Code   RO         4960    .ARM.Collect$$libinit$$00000030  c_w.l(libinit2.o)
    0x0800017e   0x0800017e   0x00000000   Code   RO         4962    .ARM.Collect$$libinit$$00000032  c_w.l(libinit2.o)
    0x0800017e   0x0800017e   0x00000002   Code   RO         4963    .ARM.Collect$$libinit$$00000033  c_w.l(libinit2.o)
    0x08000180   0x08000180   0x00000002   Code   RO         5104    .ARM.Collect$$libshutdown$$00000000  c_w.l(libshutdown.o)
    0x08000182   0x08000182   0x00000000   Code   RO         4965    .ARM.Collect$$libshutdown$$00000002  c_w.l(libshutdown2.o)
    0x08000182   0x08000182   0x00000004   Code   RO         4966    .ARM.Collect$$libshutdown$$00000003  c_w.l(libshutdown2.o)
    0x08000186   0x08000186   0x00000000   Code   RO         4967    .ARM.Collect$$libshutdown$$00000004  c_w.l(libshutdown2.o)
    0x08000186   0x08000186   0x00000000   Code   RO         4970    .ARM.Collect$$libshutdown$$00000007  c_w.l(libshutdown2.o)
    0x08000186   0x08000186   0x00000000   Code   RO         4973    .ARM.Collect$$libshutdown$$0000000A  c_w.l(libshutdown2.o)
    0x08000186   0x08000186   0x00000000   Code   RO         4975    .ARM.Collect$$libshutdown$$0000000C  c_w.l(libshutdown2.o)
    0x08000186   0x08000186   0x00000000   Code   RO         4978    .ARM.Collect$$libshutdown$$0000000F  c_w.l(libshutdown2.o)
    0x08000186   0x08000186   0x00000002   Code   RO         4979    .ARM.Collect$$libshutdown$$00000010  c_w.l(libshutdown2.o)
    0x08000188   0x08000188   0x00000000   Code   RO         4776    .ARM.Collect$$rtentry$$00000000  c_w.l(__rtentry.o)
    0x08000188   0x08000188   0x00000000   Code   RO         4799    .ARM.Collect$$rtentry$$00000002  c_w.l(__rtentry2.o)
    0x08000188   0x08000188   0x00000006   Code   RO         4811    .ARM.Collect$$rtentry$$00000004  c_w.l(__rtentry4.o)
    0x0800018e   0x0800018e   0x00000000   Code   RO         4801    .ARM.Collect$$rtentry$$00000009  c_w.l(__rtentry2.o)
    0x0800018e   0x0800018e   0x00000004   Code   RO         4802    .ARM.Collect$$rtentry$$0000000A  c_w.l(__rtentry2.o)
    0x08000192   0x08000192   0x00000000   Code   RO         4804    .ARM.Collect$$rtentry$$0000000C  c_w.l(__rtentry2.o)
    0x08000192   0x08000192   0x00000008   Code   RO         4805    .ARM.Collect$$rtentry$$0000000D  c_w.l(__rtentry2.o)
    0x0800019a   0x0800019a   0x00000002   Code   RO         4988    .ARM.Collect$$rtexit$$00000000  c_w.l(rtexit.o)
    0x0800019c   0x0800019c   0x00000000   Code   RO         5042    .ARM.Collect$$rtexit$$00000002  c_w.l(rtexit2.o)
    0x0800019c   0x0800019c   0x00000004   Code   RO         5043    .ARM.Collect$$rtexit$$00000003  c_w.l(rtexit2.o)
    0x080001a0   0x080001a0   0x00000006   Code   RO         5044    .ARM.Collect$$rtexit$$00000004  c_w.l(rtexit2.o)
    0x080001a6   0x080001a6   0x00000002   PAD
    0x080001a8   0x080001a8   0x00000096   Code   RO         4573    .emb_text           port.o
    0x0800023e   0x0800023e   0x00000002   PAD
    0x08000240   0x08000240   0x00000000   Code   RO         5048    .emb_text           c_w.l(maybetermalloc1.o)
    0x08000240   0x08000240   0x00000040   Code   RO            4    .text               startup_stm32f10x_md.o
    0x08000280   0x08000280   0x00000018   Code   RO         4719    .text               c_w.l(__2printf.o)
    0x08000298   0x08000298   0x00000068   Code   RO         4727    .text               c_w.l(__printf.o)
    0x08000300   0x08000300   0x00000052   Code   RO         4729    .text               c_w.l(_printf_str.o)
    0x08000352   0x08000352   0x00000002   PAD
    0x08000354   0x08000354   0x00000078   Code   RO         4731    .text               c_w.l(_printf_dec.o)
    0x080003cc   0x080003cc   0x0000003e   Code   RO         4760    .text               c_w.l(strlen.o)
    0x0800040a   0x0800040a   0x0000004e   Code   RO         4770    .text               c_w.l(rt_memclr_w.o)
    0x08000458   0x08000458   0x00000006   Code   RO         4772    .text               c_w.l(heapauxi.o)
    0x0800045e   0x0800045e   0x000000b2   Code   RO         4777    .text               c_w.l(_printf_intcommon.o)
    0x08000510   0x08000510   0x00000030   Code   RO         4779    .text               c_w.l(_printf_char_common.o)
    0x08000540   0x08000540   0x0000002c   Code   RO         4785    .text               c_w.l(_printf_char.o)
    0x0800056c   0x0800056c   0x00000024   Code   RO         4787    .text               c_w.l(_printf_char_file.o)
    0x08000590   0x08000590   0x00000008   Code   RO         4815    .text               c_w.l(ferror.o)
    0x08000598   0x08000598   0x00000138   Code   RO         4821    .text               c_w.l(initio.o)
    0x080006d0   0x080006d0   0x00000066   Code   RO         4829    .text               c_w.l(sys_io.o)
    0x08000736   0x08000736   0x0000004a   Code   RO         4836    .text               c_w.l(sys_stackheap_outer.o)
    0x08000780   0x08000780   0x0000004e   Code   RO         4840    .text               c_w.l(h1_free.o)
    0x080007ce   0x080007ce   0x000001d6   Code   RO         4894    .text               c_w.l(flsbuf.o)
    0x080009a4   0x080009a4   0x00000046   Code   RO         4896    .text               c_w.l(setvbuf.o)
    0x080009ea   0x080009ea   0x00000002   PAD
    0x080009ec   0x080009ec   0x000000ec   Code   RO         4899    .text               c_w.l(fopen.o)
    0x08000ad8   0x08000ad8   0x0000004c   Code   RO         4901    .text               c_w.l(fclose.o)
    0x08000b24   0x08000b24   0x00000012   Code   RO         4907    .text               c_w.l(exit.o)
    0x08000b36   0x08000b36   0x0000000e   Code   RO         4909    .text               c_w.l(defsig_rtred_outer.o)
    0x08000b44   0x08000b44   0x00000008   Code   RO         4982    .text               c_w.l(libspace.o)
    0x08000b4c   0x08000b4c   0x00000002   Code   RO         4985    .text               c_w.l(use_no_semi.o)
    0x08000b4e   0x08000b4e   0x00000000   Code   RO         4987    .text               c_w.l(indicate_semi.o)
    0x08000b4e   0x08000b4e   0x00000002   PAD
    0x08000b50   0x08000b50   0x00000008   Code   RO         4995    .text               c_w.l(rt_heap_descriptor_intlibspace.o)
    0x08000b58   0x08000b58   0x00000004   Code   RO         4997    .text               c_w.l(hguard.o)
    0x08000b5c   0x08000b5c   0x0000008a   Code   RO         4999    .text               c_w.l(init_alloc.o)
    0x08000be6   0x08000be6   0x0000005e   Code   RO         5005    .text               c_w.l(h1_alloc.o)
    0x08000c44   0x08000c44   0x000000f8   Code   RO         5021    .text               c_w.l(fseek.o)
    0x08000d3c   0x08000d3c   0x000000f0   Code   RO         5023    .text               c_w.l(stdio.o)
    0x08000e2c   0x08000e2c   0x0000000a   Code   RO         5029    .text               c_w.l(defsig_exit.o)
    0x08000e36   0x08000e36   0x00000002   PAD
    0x08000e38   0x08000e38   0x00000034   Code   RO         5031    .text               c_w.l(defsig_rtred_inner.o)
    0x08000e6c   0x08000e6c   0x0000000c   Code   RO         5039    .text               c_w.l(sys_exit.o)
    0x08000e78   0x08000e78   0x0000000e   Code   RO         5050    .text               c_w.l(h1_init.o)
    0x08000e86   0x08000e86   0x00000034   Code   RO         5052    .text               c_w.l(h1_extend.o)
    0x08000eba   0x08000eba   0x00000042   Code   RO         5062    .text               c_w.l(ftell.o)
    0x08000efc   0x08000efc   0x00000032   Code   RO         5070    .text               c_w.l(defsig_general.o)
    0x08000f2e   0x08000f2e   0x0000000e   Code   RO         5072    .text               c_w.l(defsig_rtmem_outer.o)
    0x08000f3c   0x08000f3c   0x0000000e   Code   RO         5085    .text               c_w.l(sys_wrch.o)
    0x08000f4a   0x08000f4a   0x00000002   PAD
    0x08000f4c   0x08000f4c   0x00000008   Code   RO         5092    .text               c_w.l(rt_errno_addr_intlibspace.o)
    0x08000f54   0x08000f54   0x00000050   Code   RO         5098    .text               c_w.l(defsig_rtmem_inner.o)
    0x08000fa4   0x08000fa4   0x00000004   Code   RO          175    i.BusFault_Handler  stm32f10x_it.o
    0x08000fa8   0x08000fa8   0x00000002   Code   RO          176    i.DebugMon_Handler  stm32f10x_it.o
    0x08000faa   0x08000faa   0x00000018   Code   RO         3256    i.Delay_ms          delay.o
    0x08000fc2   0x08000fc2   0x0000002a   Code   RO         3258    i.Delay_us          delay.o
    0x08000fec   0x08000fec   0x00000116   Code   RO         1407    i.GPIO_Init         stm32f10x_gpio.o
    0x08001102   0x08001102   0x00000004   Code   RO         1414    i.GPIO_ResetBits    stm32f10x_gpio.o
    0x08001106   0x08001106   0x00000004   Code   RO         1415    i.GPIO_SetBits      stm32f10x_gpio.o
    0x0800110a   0x0800110a   0x00000004   Code   RO          177    i.HardFault_Handler  stm32f10x_it.o
    0x0800110e   0x0800110e   0x00000004   Code   RO          178    i.MemManage_Handler  stm32f10x_it.o
    0x08001112   0x08001112   0x00000002   Code   RO          179    i.NMI_Handler       stm32f10x_it.o
    0x08001114   0x08001114   0x00000020   Code   RO         1837    i.RCC_APB2PeriphClockCmd  stm32f10x_rcc.o
    0x08001134   0x08001134   0x00000008   Code   RO           24    i.SetSysClock       system_stm32f10x.o
    0x0800113c   0x0800113c   0x000000e0   Code   RO           25    i.SetSysClockTo72   system_stm32f10x.o
    0x0800121c   0x0800121c   0x00000034   Code   RO         4574    i.SysTick_Handler   port.o
    0x08001250   0x08001250   0x00000060   Code   RO           27    i.SystemInit        system_stm32f10x.o
    0x080012b0   0x080012b0   0x00000004   Code   RO          180    i.UsageFault_Handler  stm32f10x_it.o
    0x080012b4   0x080012b4   0x0000001a   Code   RO         4818    i.fputc             c_w.l(fputc.o)
    0x080012ce   0x080012ce   0x00000002   PAD
    0x080012d0   0x080012d0   0x00000050   Code   RO          137    i.main              main.o
    0x08001320   0x08001320   0x00000030   Code   RO         3942    i.prvResetNextTaskUnblockTime  tasks.o
    0x08001350   0x08001350   0x000000b4   Code   RO         3981    i.vTaskSwitchContext  tasks.o
    0x08001404   0x08001404   0x000001e8   Code   RO         3999    i.xTaskIncrementTick  tasks.o
    0x080015ec   0x080015ec   0x00000004   Data   RO         4830    .constdata          c_w.l(sys_io.o)
    0x080015f0   0x080015f0   0x00000004   Data   RO         4831    .constdata          c_w.l(sys_io.o)
    0x080015f4   0x080015f4   0x00000004   Data   RO         4832    .constdata          c_w.l(sys_io.o)
    0x080015f8   0x080015f8   0x00000020   Data   RO         5123    Region$$Table       anon$$obj.o


    Execution Region RW_IRAM1 (Exec base: 0x20000000, Load base: 0x08001618, Size: 0x000008d8, Max: 0x00005000, ABSOLUTE)

    Exec Addr    Load Addr    Size         Type   Attr      Idx    E Section Name        Object

    0x20000000   0x08001618   0x00000040   Data   RW         4006    .data               tasks.o
    0x20000040   0x08001658   0x00000004   Data   RW         4793    .data               c_w.l(stdio_streams.o)
    0x20000044   0x0800165c   0x00000004   Data   RW         4794    .data               c_w.l(stdio_streams.o)
    0x20000048   0x08001660   0x00000004   Data   RW         4795    .data               c_w.l(stdio_streams.o)
    0x2000004c        -       0x0000012c   Zero   RW         4005    .bss                tasks.o
    0x20000178        -       0x00000054   Zero   RW         4790    .bss                c_w.l(stdio_streams.o)
    0x200001cc        -       0x00000054   Zero   RW         4791    .bss                c_w.l(stdio_streams.o)
    0x20000220        -       0x00000054   Zero   RW         4792    .bss                c_w.l(stdio_streams.o)
    0x20000274        -       0x00000060   Zero   RW         4983    .bss                c_w.l(libspace.o)
    0x200002d4   0x08001664   0x00000004   PAD
    0x200002d8        -       0x00000200   Zero   RW            2    HEAP                startup_stm32f10x_md.o
    0x200004d8        -       0x00000400   Zero   RW            1    STACK               startup_stm32f10x_md.o


==============================================================================

Image component sizes


      Code (inc. data)   RO Data    RW Data    ZI Data      Debug   Object Name

         0          0          0          0          0       4508   core_cm3.o
         0          0          0          0          0       2480   croutine.o
        66          0          0          0          0        858   delay.o
        80          4          0          0          0     202115   main.o
       202         18          0          0          0       3778   port.o
        64         26        236          0       1536        788   startup_stm32f10x_md.o
       286          0          0          0          0      11036   stm32f10x_gpio.o
        20          0          0          0          0       2309   stm32f10x_it.o
        32          6          0          0          0        505   stm32f10x_rcc.o
       328         28          0          0          0       9993   system_stm32f10x.o
       716        154          0         64        300      19461   tasks.o

    ----------------------------------------------------------------------
      1796        236        268         64       1836     257831   Object Totals
         0          0         32          0          0          0   (incl. Generated)
         2          0          0          0          0          0   (incl. Padding)

    ----------------------------------------------------------------------

      Code (inc. data)   RO Data    RW Data    ZI Data      Debug   Library Member Name

        24          4          0          0          0         84   __2printf.o
         8          0          0          0          0         68   __main.o
       104          0          0          0          0         84   __printf.o
         0          0          0          0          0          0   __rtentry.o
        12          0          0          0          0          0   __rtentry2.o
         6          0          0          0          0          0   __rtentry4.o
        52          8          0          0          0          0   __scatter.o
        26          0          0          0          0          0   __scatter_copy.o
        28          0          0          0          0          0   __scatter_zi.o
        44          0          0          0          0        108   _printf_char.o
        48          6          0          0          0         96   _printf_char_common.o
        36          4          0          0          0         80   _printf_char_file.o
         6          0          0          0          0          0   _printf_d.o
       120         16          0          0          0         92   _printf_dec.o
       178          0          0          0          0         88   _printf_intcommon.o
         0          0          0          0          0          0   _printf_percent.o
         4          0          0          0          0          0   _printf_percent_end.o
         6          0          0          0          0          0   _printf_s.o
        82          0          0          0          0         80   _printf_str.o
        10          0          0          0          0         68   defsig_exit.o
        50          0          0          0          0         88   defsig_general.o
        80         58          0          0          0         76   defsig_rtmem_inner.o
        14          0          0          0          0         80   defsig_rtmem_outer.o
        52         38          0          0          0         76   defsig_rtred_inner.o
        14          0          0          0          0         80   defsig_rtred_outer.o
        18          0          0          0          0         80   exit.o
        76          0          0          0          0         88   fclose.o
         8          0          0          0          0         68   ferror.o
       470          0          0          0          0         88   flsbuf.o
       236          4          0          0          0        128   fopen.o
        26          0          0          0          0         68   fputc.o
       248          6          0          0          0         84   fseek.o
        66          0          0          0          0         76   ftell.o
        94          0          0          0          0         80   h1_alloc.o
        52          0          0          0          0         68   h1_extend.o
        78          0          0          0          0         80   h1_free.o
        14          0          0          0          0         84   h1_init.o
         6          0          0          0          0        152   heapauxi.o
         4          0          0          0          0        136   hguard.o
         0          0          0          0          0          0   indicate_semi.o
       138          0          0          0          0        168   init_alloc.o
       312         46          0          0          0        112   initio.o
         2          0          0          0          0          0   libinit.o
        14          0          0          0          0          0   libinit2.o
         2          0          0          0          0          0   libshutdown.o
         6          0          0          0          0          0   libshutdown2.o
         8          4          0          0         96         68   libspace.o
         0          0          0          0          0          0   maybetermalloc1.o
         8          4          0          0          0         68   rt_errno_addr_intlibspace.o
         8          4          0          0          0         68   rt_heap_descriptor_intlibspace.o
        78          0          0          0          0         80   rt_memclr_w.o
         2          0          0          0          0          0   rtexit.o
        10          0          0          0          0          0   rtexit2.o
        70          0          0          0          0         80   setvbuf.o
       240          6          0          0          0        156   stdio.o
         0          0          0         12        252          0   stdio_streams.o
        62          0          0          0          0         76   strlen.o
        12          4          0          0          0         68   sys_exit.o
       102          0         12          0          0        240   sys_io.o
        74          0          0          0          0         80   sys_stackheap_outer.o
        14          0          0          0          0         76   sys_wrch.o
         2          0          0          0          0         68   use_no_semi.o

    ----------------------------------------------------------------------
      3580        212         12         12        352       3936   Library Totals
        16          0          0          0          4          0   (incl. Padding)

    ----------------------------------------------------------------------

      Code (inc. data)   RO Data    RW Data    ZI Data      Debug   Library Name

      3564        212         12         12        348       3936   c_w.l

    ----------------------------------------------------------------------
      3580        212         12         12        352       3936   Library Totals

    ----------------------------------------------------------------------

==============================================================================


      Code (inc. data)   RO Data    RW Data    ZI Data      Debug   

      5376        448        280         76       2188     258799   Grand Totals
      5376        448        280         76       2188     258799   ELF Image Totals
      5376        448        280         76          0          0   ROM Totals

==============================================================================

    Total RO  Size (Code + RO Data)                 5656 (   5.52kB)
    Total RW  Size (RW Data + ZI Data)              2264 (   2.21kB)
    Total ROM Size (Code + RO Data + RW Data)       5732 (   5.60kB)

==============================================================================

